This is pdfTeX, Version 3.141592653-2.6-1.40.28 (MiKTeX 25.12) (preloaded format=pdflatex 2026.6.5)  5 JUN 2026 11:29
entering extended mode
 restricted \write18 enabled.
 %&-line parsing enabled.
**./main_presentacion.tex
(main_presentacion.tex
LaTeX2e <2025-11-01>
L3 programming layer <2026-04-28>
(C:\Users\caste\AppData\Local\MiKTeX-AyME\install\tex/latex/beamer\beamer.cls
Document Class: beamer 2026/01/22 v3.77 A class for typesetting presentations

(C:\Users\caste\AppData\Local\MiKTeX-AyME\install\tex/latex/beamer\beamerbasemo
des.sty
(C:\Users\caste\AppData\Local\MiKTeX-AyME\install\tex/latex/etoolbox\etoolbox.s
ty
Package: etoolbox 2025/10/02 v2.5m e-TeX tools for LaTeX (JAW)
\etb@tempcnta=\count276
)
\beamer@tempbox=\box53
\beamer@tempcount=\count277
\c@beamerpauses=\count278

(C:\Users\caste\AppData\Local\MiKTeX-AyME\install\tex/latex/beamer\beamerbasede
code.sty
\beamer@slideinframe=\count279
\beamer@minimum=\count280
\beamer@decode@box=\box54
)
\beamer@commentbox=\box55
\beamer@modecount=\count281
)
(C:\Users\caste\AppData\Local\MiKTeX-AyME\install\tex/generic/iftex\iftex.sty
Package: iftex 2024/12/12 v1.0g TeX engine tests
)
\headdp=\dimen150
\footheight=\dimen151
\sidebarheight=\dimen152
\beamer@tempdim=\dimen153
\beamer@finalheight=\dimen154
\beamer@animht=\dimen155
\beamer@animdp=\dimen156
\beamer@animwd=\dimen157
\beamer@leftmargin=\dimen158
\beamer@rightmargin=\dimen159
\beamer@leftsidebar=\dimen160
\beamer@rightsidebar=\dimen161
\beamer@boxsize=\dimen162
\beamer@vboxoffset=\dimen163
\beamer@descdefault=\dimen164
\beamer@descriptionwidth=\dimen165
\beamer@lastskip=\skip49
\beamer@areabox=\box56
\beamer@animcurrent=\box57
\beamer@animshowbox=\box58
\beamer@sectionbox=\box59
\beamer@logobox=\box60
\beamer@linebox=\box61
\beamer@sectioncount=\count282
\beamer@subsubsectionmax=\count283
\beamer@subsectionmax=\count284
\beamer@sectionmax=\count285
\beamer@totalheads=\count286
\beamer@headcounter=\count287
\beamer@partstartpage=\count288
\beamer@sectionstartpage=\count289
\beamer@subsectionstartpage=\count290
\beamer@animationtempa=\count291
\beamer@animationtempb=\count292
\beamer@xpos=\count293
\beamer@ypos=\count294
\beamer@ypos@offset=\count295
\beamer@showpartnumber=\count296
\beamer@currentsubsection=\count297
\beamer@coveringdepth=\count298
\beamer@sectionadjust=\count299
\beamer@toclastsection=\count300
\beamer@tocsectionnumber=\count301

(C:\Users\caste\AppData\Local\MiKTeX-AyME\install\tex/latex/beamer\beamerbaseop
tions.sty
(C:\Users\caste\AppData\Local\MiKTeX-AyME\install\tex/latex/graphics\keyval.sty
Package: keyval 2022/05/29 v1.15 key=value parser (DPC)
\KV@toks@=\toks17
))
\beamer@paperwidth=\skip50
\beamer@paperheight=\skip51

(C:\Users\caste\AppData\Local\MiKTeX-AyME\install\tex/latex/geometry\geometry.s
ty
Package: geometry 2026/03/07 v6.0 Page Geometry

(C:\Users\caste\AppData\Local\MiKTeX-AyME\install\tex/generic/iftex\ifvtex.sty
Package: ifvtex 2019/10/25 v1.7 ifvtex legacy package. Use iftex instead.
)
\Gm@cnth=\count302
\Gm@cntv=\count303
\c@Gm@tempcnt=\count304
\Gm@bindingoffset=\dimen166
\Gm@wd@mp=\dimen167
\Gm@odd@mp=\dimen168
\Gm@even@mp=\dimen169
\Gm@layoutwidth=\dimen170
\Gm@layoutheight=\dimen171
\Gm@layouthoffset=\dimen172
\Gm@layoutvoffset=\dimen173
\Gm@dimlist=\toks18

(C:\Users\caste\AppData\Local\MiKTeX-AyME\install\tex/latex/geometry\geometry.c
fg))
(C:\Users\caste\AppData\Local\MiKTeX-AyME\install\tex/latex/pgf/math\pgfmath.st
y
(C:\Users\caste\AppData\Local\MiKTeX-AyME\install\tex/latex/pgf/utilities\pgfrc
s.sty
(C:\Users\caste\AppData\Local\MiKTeX-AyME\install\tex/generic/pgf/utilities\pgf
util-common.tex
\pgfutil@everybye=\toks19
\pgfutil@tempdima=\dimen174
\pgfutil@tempdimb=\dimen175
)
(C:\Users\caste\AppData\Local\MiKTeX-AyME\install\tex/generic/pgf/utilities\pgf
util-latex.def
\pgfutil@abb=\box62
)
(C:\Users\caste\AppData\Local\MiKTeX-AyME\install\tex/generic/pgf/utilities\pgf
rcs.code.tex
(C:\Users\caste\AppData\Local\MiKTeX-AyME\install\tex/generic/pgf\pgf.revision.
tex)
Package: pgfrcs 2025-08-29 v3.1.11a (3.1.11a)
))
(C:\Users\caste\AppData\Local\MiKTeX-AyME\install\tex/latex/pgf/utilities\pgfke
ys.sty
(C:\Users\caste\AppData\Local\MiKTeX-AyME\install\tex/generic/pgf/utilities\pgf
keys.code.tex
\pgfkeys@pathtoks=\toks20
\pgfkeys@temptoks=\toks21

(C:\Users\caste\AppData\Local\MiKTeX-AyME\install\tex/generic/pgf/utilities\pgf
keyslibraryfiltered.code.tex
\pgfkeys@tmptoks=\toks22
)))
(C:\Users\caste\AppData\Local\MiKTeX-AyME\install\tex/generic/pgf/math\pgfmath.
code.tex
(C:\Users\caste\AppData\Local\MiKTeX-AyME\install\tex/generic/pgf/math\pgfmathu
til.code.tex
\pgf@x=\dimen176
\pgf@xa=\dimen177
\pgf@xb=\dimen178
\pgf@xc=\dimen179
\pgf@y=\dimen180
\pgf@ya=\dimen181
\pgf@yb=\dimen182
\pgf@yc=\dimen183
\c@pgf@counta=\count305
\c@pgf@countb=\count306
\c@pgf@countc=\count307
\c@pgf@countd=\count308
)
(C:\Users\caste\AppData\Local\MiKTeX-AyME\install\tex/generic/pgf/math\pgfmathp
arser.code.tex
\pgfmath@dimen=\dimen184
\pgfmath@count=\count309
\pgfmath@box=\box63
\pgfmath@toks=\toks23
\pgfmath@stack@operand=\toks24
\pgfmath@stack@operation=\toks25
)
(C:\Users\caste\AppData\Local\MiKTeX-AyME\install\tex/generic/pgf/math\pgfmathf
unctions.code.tex)
(C:\Users\caste\AppData\Local\MiKTeX-AyME\install\tex/generic/pgf/math\pgfmathf
unctions.basic.code.tex)
(C:\Users\caste\AppData\Local\MiKTeX-AyME\install\tex/generic/pgf/math\pgfmathf
unctions.trigonometric.code.tex)
(C:\Users\caste\AppData\Local\MiKTeX-AyME\install\tex/generic/pgf/math\pgfmathf
unctions.random.code.tex)
(C:\Users\caste\AppData\Local\MiKTeX-AyME\install\tex/generic/pgf/math\pgfmathf
unctions.comparison.code.tex)
(C:\Users\caste\AppData\Local\MiKTeX-AyME\install\tex/generic/pgf/math\pgfmathf
unctions.base.code.tex)
(C:\Users\caste\AppData\Local\MiKTeX-AyME\install\tex/generic/pgf/math\pgfmathf
unctions.round.code.tex)
(C:\Users\caste\AppData\Local\MiKTeX-AyME\install\tex/generic/pgf/math\pgfmathf
unctions.misc.code.tex)
(C:\Users\caste\AppData\Local\MiKTeX-AyME\install\tex/generic/pgf/math\pgfmathf
unctions.integerarithmetics.code.tex)
(C:\Users\caste\AppData\Local\MiKTeX-AyME\install\tex/generic/pgf/math\pgfmathc
alc.code.tex)
(C:\Users\caste\AppData\Local\MiKTeX-AyME\install\tex/generic/pgf/math\pgfmathf
loat.code.tex
\c@pgfmathroundto@lastzeros=\count310
)))
(C:\Users\caste\AppData\Local\MiKTeX-AyME\install\tex/latex/base\size11.clo
File: size11.clo 2025/01/22 v1.4n Standard LaTeX file (size option)
)
(C:\Users\caste\AppData\Local\MiKTeX-AyME\install\tex/latex/pgf/basiclayer\pgfc
ore.sty
(C:\Users\caste\AppData\Local\MiKTeX-AyME\install\tex/latex/graphics\graphicx.s
ty
Package: graphicx 2024/12/31 v1.2e Enhanced LaTeX Graphics (DPC,SPQR)

(C:\Users\caste\AppData\Local\MiKTeX-AyME\install\tex/latex/graphics\graphics.s
ty
Package: graphics 2024/08/06 v1.4g Standard LaTeX Graphics (DPC,SPQR)

(C:\Users\caste\AppData\Local\MiKTeX-AyME\install\tex/latex/graphics\trig.sty
Package: trig 2023/12/02 v1.11 sin cos tan (DPC)
)
(C:\Users\caste\AppData\Local\MiKTeX-AyME\install\tex/latex/graphics-cfg\graphi
cs.cfg
File: graphics.cfg 2016/06/04 v1.11 sample graphics configuration
)
Package graphics Info: Driver file: pdftex.def on input line 106.

(C:\Users\caste\AppData\Local\MiKTeX-AyME\install\tex/latex/graphics-def\pdftex
.def
File: pdftex.def 2025/09/29 v1.2d Graphics/color driver for pdftex
))
\Gin@req@height=\dimen185
\Gin@req@width=\dimen186
)
(C:\Users\caste\AppData\Local\MiKTeX-AyME\install\tex/latex/pgf/systemlayer\pgf
sys.sty
(C:\Users\caste\AppData\Local\MiKTeX-AyME\install\tex/generic/pgf/systemlayer\p
gfsys.code.tex
Package: pgfsys 2025-08-29 v3.1.11a (3.1.11a)
\pgf@x=\dimen187
\pgf@y=\dimen188
\pgf@xa=\dimen189
\pgf@ya=\dimen190
\pgf@xb=\dimen191
\pgf@yb=\dimen192
\pgf@xc=\dimen193
\pgf@yc=\dimen194
\pgf@xd=\dimen195
\pgf@yd=\dimen196
\w@pgf@writea=\write3
\r@pgf@reada=\read2
\c@pgf@counta=\count311
\c@pgf@countb=\count312
\c@pgf@countc=\count313
\c@pgf@countd=\count314
\t@pgf@toka=\toks26
\t@pgf@tokb=\toks27
\t@pgf@tokc=\toks28
\pgf@sys@id@count=\count315

(C:\Users\caste\AppData\Local\MiKTeX-AyME\install\tex/generic/pgf/systemlayer\p
gf.cfg
File: pgf.cfg 2025-08-29 v3.1.11a (3.1.11a)
)
Driver file for pgf: pgfsys-pdftex.def

(C:\Users\caste\AppData\Local\MiKTeX-AyME\install\tex/generic/pgf/systemlayer\p
gfsys-pdftex.def
File: pgfsys-pdftex.def 2025-08-29 v3.1.11a (3.1.11a)

(C:\Users\caste\AppData\Local\MiKTeX-AyME\install\tex/generic/pgf/systemlayer\p
gfsys-common-pdf.def
File: pgfsys-common-pdf.def 2025-08-29 v3.1.11a (3.1.11a)
)))
(C:\Users\caste\AppData\Local\MiKTeX-AyME\install\tex/generic/pgf/systemlayer\p
gfsyssoftpath.code.tex
File: pgfsyssoftpath.code.tex 2025-08-29 v3.1.11a (3.1.11a)
\pgfsyssoftpath@smallbuffer@items=\count316
\pgfsyssoftpath@bigbuffer@items=\count317
)
(C:\Users\caste\AppData\Local\MiKTeX-AyME\install\tex/generic/pgf/systemlayer\p
gfsysprotocol.code.tex
File: pgfsysprotocol.code.tex 2025-08-29 v3.1.11a (3.1.11a)
))
(C:\Users\caste\AppData\Local\MiKTeX-AyME\install\tex/latex/xcolor\xcolor.sty
Package: xcolor 2024/09/29 v3.02 LaTeX color extensions (UK)

(C:\Users\caste\AppData\Local\MiKTeX-AyME\install\tex/latex/graphics-cfg\color.
cfg
File: color.cfg 2016/01/02 v1.6 sample color configuration
)
Package xcolor Info: Driver file: pdftex.def on input line 274.

(C:\Users\caste\AppData\Local\MiKTeX-AyME\install\tex/latex/graphics\mathcolor.
ltx)
Package xcolor Info: Model `cmy' substituted by `cmy0' on input line 1349.
Package xcolor Info: Model `hsb' substituted by `rgb' on input line 1353.
Package xcolor Info: Model `RGB' extended on input line 1365.
Package xcolor Info: Model `HTML' substituted by `rgb' on input line 1367.
Package xcolor Info: Model `Hsb' substituted by `hsb' on input line 1368.
Package xcolor Info: Model `tHsb' substituted by `hsb' on input line 1369.
Package xcolor Info: Model `HSB' substituted by `hsb' on input line 1370.
Package xcolor Info: Model `Gray' substituted by `gray' on input line 1371.
Package xcolor Info: Model `wave' substituted by `hsb' on input line 1372.
)
(C:\Users\caste\AppData\Local\MiKTeX-AyME\install\tex/generic/pgf/basiclayer\pg
fcore.code.tex
Package: pgfcore 2025-08-29 v3.1.11a (3.1.11a)

(C:\Users\caste\AppData\Local\MiKTeX-AyME\install\tex/generic/pgf/math\pgfint.c
ode.tex)
(C:\Users\caste\AppData\Local\MiKTeX-AyME\install\tex/generic/pgf/basiclayer\pg
fcorepoints.code.tex
File: pgfcorepoints.code.tex 2025-08-29 v3.1.11a (3.1.11a)
\pgf@picminx=\dimen197
\pgf@picmaxx=\dimen198
\pgf@picminy=\dimen199
\pgf@picmaxy=\dimen256
\pgf@pathminx=\dimen257
\pgf@pathmaxx=\dimen258
\pgf@pathminy=\dimen259
\pgf@pathmaxy=\dimen260
\pgf@xx=\dimen261
\pgf@xy=\dimen262
\pgf@yx=\dimen263
\pgf@yy=\dimen264
\pgf@zx=\dimen265
\pgf@zy=\dimen266
)
(C:\Users\caste\AppData\Local\MiKTeX-AyME\install\tex/generic/pgf/basiclayer\pg
fcorepathconstruct.code.tex
File: pgfcorepathconstruct.code.tex 2025-08-29 v3.1.11a (3.1.11a)
\pgf@path@lastx=\dimen267
\pgf@path@lasty=\dimen268
)
(C:\Users\caste\AppData\Local\MiKTeX-AyME\install\tex/generic/pgf/basiclayer\pg
fcorepathusage.code.tex
File: pgfcorepathusage.code.tex 2025-08-29 v3.1.11a (3.1.11a)
\pgf@shorten@end@additional=\dimen269
\pgf@shorten@start@additional=\dimen270
)
(C:\Users\caste\AppData\Local\MiKTeX-AyME\install\tex/generic/pgf/basiclayer\pg
fcorescopes.code.tex
File: pgfcorescopes.code.tex 2025-08-29 v3.1.11a (3.1.11a)
\pgfpic=\box64
\pgf@hbox=\box65
\pgf@layerbox@main=\box66
\pgf@picture@serial@count=\count318
)
(C:\Users\caste\AppData\Local\MiKTeX-AyME\install\tex/generic/pgf/basiclayer\pg
fcoregraphicstate.code.tex
File: pgfcoregraphicstate.code.tex 2025-08-29 v3.1.11a (3.1.11a)
\pgflinewidth=\dimen271
)
(C:\Users\caste\AppData\Local\MiKTeX-AyME\install\tex/generic/pgf/basiclayer\pg
fcoretransformations.code.tex
File: pgfcoretransformations.code.tex 2025-08-29 v3.1.11a (3.1.11a)
\pgf@pt@x=\dimen272
\pgf@pt@y=\dimen273
\pgf@pt@temp=\dimen274
)
(C:\Users\caste\AppData\Local\MiKTeX-AyME\install\tex/generic/pgf/basiclayer\pg
fcorequick.code.tex
File: pgfcorequick.code.tex 2025-08-29 v3.1.11a (3.1.11a)
)
(C:\Users\caste\AppData\Local\MiKTeX-AyME\install\tex/generic/pgf/basiclayer\pg
fcoreobjects.code.tex
File: pgfcoreobjects.code.tex 2025-08-29 v3.1.11a (3.1.11a)
)
(C:\Users\caste\AppData\Local\MiKTeX-AyME\install\tex/generic/pgf/basiclayer\pg
fcorepathprocessing.code.tex
File: pgfcorepathprocessing.code.tex 2025-08-29 v3.1.11a (3.1.11a)
)
(C:\Users\caste\AppData\Local\MiKTeX-AyME\install\tex/generic/pgf/basiclayer\pg
fcorearrows.code.tex
File: pgfcorearrows.code.tex 2025-08-29 v3.1.11a (3.1.11a)
\pgfarrowsep=\dimen275
)
(C:\Users\caste\AppData\Local\MiKTeX-AyME\install\tex/generic/pgf/basiclayer\pg
fcoreshade.code.tex
File: pgfcoreshade.code.tex 2025-08-29 v3.1.11a (3.1.11a)
\pgf@max=\dimen276
\pgf@sys@shading@range@num=\count319
\pgf@shadingcount=\count320
)
(C:\Users\caste\AppData\Local\MiKTeX-AyME\install\tex/generic/pgf/basiclayer\pg
fcoreimage.code.tex
File: pgfcoreimage.code.tex 2025-08-29 v3.1.11a (3.1.11a)
)
(C:\Users\caste\AppData\Local\MiKTeX-AyME\install\tex/generic/pgf/basiclayer\pg
fcoreexternal.code.tex
File: pgfcoreexternal.code.tex 2025-08-29 v3.1.11a (3.1.11a)
\pgfexternal@startupbox=\box67
)
(C:\Users\caste\AppData\Local\MiKTeX-AyME\install\tex/generic/pgf/basiclayer\pg
fcorelayers.code.tex
File: pgfcorelayers.code.tex 2025-08-29 v3.1.11a (3.1.11a)
)
(C:\Users\caste\AppData\Local\MiKTeX-AyME\install\tex/generic/pgf/basiclayer\pg
fcoretransparency.code.tex
File: pgfcoretransparency.code.tex 2025-08-29 v3.1.11a (3.1.11a)
)
(C:\Users\caste\AppData\Local\MiKTeX-AyME\install\tex/generic/pgf/basiclayer\pg
fcorepatterns.code.tex
File: pgfcorepatterns.code.tex 2025-08-29 v3.1.11a (3.1.11a)
)
(C:\Users\caste\AppData\Local\MiKTeX-AyME\install\tex/generic/pgf/basiclayer\pg
fcorerdf.code.tex
File: pgfcorerdf.code.tex 2025-08-29 v3.1.11a (3.1.11a)
)))
(C:\Users\caste\AppData\Local\MiKTeX-AyME\install\tex/latex/pgf/utilities\xxcol
or.sty
Package: xxcolor 2003/10/24 ver 0.1
\XC@nummixins=\count321
\XC@countmixins=\count322
)
(C:\Users\caste\AppData\Local\MiKTeX-AyME\install\tex/latex/base\atbegshi-ltx.s
ty
Package: atbegshi-ltx 2021/01/10 v1.0c Emulation of the original atbegshi
package with kernel methods
)
(C:\Users\caste\AppData\Local\MiKTeX-AyME\install\tex/latex/hyperref\hyperref.s
ty
Package: hyperref 2026-04-24 v7.01q Hypertext links for LaTeX

(C:\Users\caste\AppData\Local\MiKTeX-AyME\install\tex/latex/kvsetkeys\kvsetkeys
.sty
Package: kvsetkeys 2022-10-05 v1.19 Key value parser (HO)
)
(C:\Users\caste\AppData\Local\MiKTeX-AyME\install\tex/generic/kvdefinekeys\kvde
finekeys.sty
Package: kvdefinekeys 2019-12-19 v1.6 Define keys (HO)
)
(C:\Users\caste\AppData\Local\MiKTeX-AyME\install\tex/generic/pdfescape\pdfesca
pe.sty
Package: pdfescape 2019/12/09 v1.15 Implements pdfTeX's escape features (HO)

(C:\Users\caste\AppData\Local\MiKTeX-AyME\install\tex/generic/ltxcmds\ltxcmds.s
ty
Package: ltxcmds 2023-12-04 v1.26 LaTeX kernel commands for general use (HO)
)
(C:\Users\caste\AppData\Local\MiKTeX-AyME\install\tex/generic/pdftexcmds\pdftex
cmds.sty
Package: pdftexcmds 2020-06-27 v0.33 Utility functions of pdfTeX for LuaTeX (HO
)

(C:\Users\caste\AppData\Local\MiKTeX-AyME\install\tex/generic/infwarerr\infware
rr.sty
Package: infwarerr 2019/12/03 v1.5 Providing info/warning/error messages (HO)
)
Package pdftexcmds Info: \pdf@primitive is available.
Package pdftexcmds Info: \pdf@ifprimitive is available.
Package pdftexcmds Info: \pdfdraftmode found.
))
(C:\Users\caste\AppData\Local\MiKTeX-AyME\install\tex/latex/hycolor\hycolor.sty
Package: hycolor 2020-01-27 v1.10 Color options for hyperref/bookmark (HO)
)
(C:\Users\caste\AppData\Local\MiKTeX-AyME\install\tex/latex/hyperref\nameref.st
y
Package: nameref 2026-01-29 v2.58 Cross-referencing by name of section

(C:\Users\caste\AppData\Local\MiKTeX-AyME\install\tex/latex/refcount\refcount.s
ty
Package: refcount 2019/12/15 v3.6 Data extraction from label references (HO)
)
(C:\Users\caste\AppData\Local\MiKTeX-AyME\install\tex/generic/gettitlestring\ge
ttitlestring.sty
Package: gettitlestring 2019/12/15 v1.6 Cleanup title references (HO)

(C:\Users\caste\AppData\Local\MiKTeX-AyME\install\tex/latex/kvoptions\kvoptions
.sty
Package: kvoptions 2022-06-15 v3.15 Key value format for package options (HO)
))
\c@section@level=\count323
)
(C:\Users\caste\AppData\Local\MiKTeX-AyME\install\tex/generic/stringenc\stringe
nc.sty
Package: stringenc 2019/11/29 v1.12 Convert strings between diff. encodings (HO
)
)
\@linkdim=\dimen277
\Hy@linkcounter=\count324
\Hy@pagecounter=\count325

(C:\Users\caste\AppData\Local\MiKTeX-AyME\install\tex/latex/hyperref\pd1enc.def
File: pd1enc.def 2026-04-24 v7.01q Hyperref: PDFDocEncoding definition (HO)
Now handling font encoding PD1 ...
... no UTF-8 mapping file for font encoding PD1
)
(C:\Users\caste\AppData\Local\MiKTeX-AyME\install\tex/generic/intcalc\intcalc.s
ty
Package: intcalc 2019/12/15 v1.3 Expandable calculations with integers (HO)
)
\Hy@SavedSpaceFactor=\count326

(C:\Users\caste\AppData\Local\MiKTeX-AyME\install\tex/latex/hyperref\puenc.def
File: puenc.def 2026-04-24 v7.01q Hyperref: PDF Unicode definition (HO)
Now handling font encoding PU ...
... no UTF-8 mapping file for font encoding PU
)
Package hyperref Info: Option `bookmarks' set `true' on input line 4070.
Package hyperref Info: Option `bookmarksopen' set `true' on input line 4070.
Package hyperref Info: Option `implicit' set `false' on input line 4070.
Package hyperref Info: Hyper figures OFF on input line 4199.
Package hyperref Info: Link nesting OFF on input line 4204.
Package hyperref Info: Hyper index ON on input line 4207.
Package hyperref Info: Plain pages OFF on input line 4214.
Package hyperref Info: Backreferencing OFF on input line 4219.
Package hyperref Info: Implicit mode OFF; no redefinition of LaTeX internals.
Package hyperref Info: Bookmarks ON on input line 4466.
\c@Hy@tempcnt=\count327
(C:\Users\caste\AppData\Local\MiKTeX-AyME\install\tex/latex/url\url.sty
\Urlmuskip=\muskip17
Package: url 2013/09/16  ver 3.4  Verb mode for urls, etc.
)
LaTeX Info: Redefining \url on input line 4805.
\XeTeXLinkMargin=\dimen278

(C:\Users\caste\AppData\Local\MiKTeX-AyME\install\tex/generic/bitset\bitset.sty
Package: bitset 2019/12/09 v1.3 Handle bit-vector datatype (HO)

(C:\Users\caste\AppData\Local\MiKTeX-AyME\install\tex/generic/bigintcalc\bigint
calc.sty
Package: bigintcalc 2019/12/15 v1.5 Expandable calculations on big integers (HO
)
))
\Fld@menulength=\count328
\Field@Width=\dimen279
\Fld@charsize=\dimen280
Package hyperref Info: Hyper figures OFF on input line 6091.
Package hyperref Info: Link nesting OFF on input line 6096.
Package hyperref Info: Hyper index ON on input line 6099.
Package hyperref Info: backreferencing OFF on input line 6106.
Package hyperref Info: Link coloring OFF on input line 6111.
Package hyperref Info: Link coloring with OCG OFF on input line 6116.
Package hyperref Info: PDF/A mode OFF on input line 6121.
\Hy@abspage=\count329


Package hyperref Message: Stopped early.

)
Package hyperref Info: Driver (autodetected): hpdftex.

(C:\Users\caste\AppData\Local\MiKTeX-AyME\install\tex/latex/hyperref\hpdftex.de
f
File: hpdftex.def 2026-04-24 v7.01q Hyperref driver for pdfTeX
\Fld@listcount=\count330
\c@bookmark@seq@number=\count331

(C:\Users\caste\AppData\Local\MiKTeX-AyME\install\tex/latex/rerunfilecheck\reru
nfilecheck.sty
Package: rerunfilecheck 2025-06-21 v1.11 Rerun checks for auxiliary files (HO)

(C:\Users\caste\AppData\Local\MiKTeX-AyME\install\tex/generic/uniquecounter\uni
quecounter.sty
Package: uniquecounter 2019/12/15 v1.4 Provide unlimited unique counter (HO)
)
Package uniquecounter Info: New unique counter `rerunfilecheck' on input line 2
84.
))
(C:\Users\caste\AppData\Local\MiKTeX-AyME\install\tex/latex/beamer\beamerbasere
quires.sty
(C:\Users\caste\AppData\Local\MiKTeX-AyME\install\tex/latex/beamer\beamerbaseco
mpatibility.sty)
(C:\Users\caste\AppData\Local\MiKTeX-AyME\install\tex/latex/beamer\beamerbasefo
nt.sty
(C:\Users\caste\AppData\Local\MiKTeX-AyME\install\tex/latex/amsfonts\amssymb.st
y
Package: amssymb 2013/01/14 v3.01 AMS font symbols

(C:\Users\caste\AppData\Local\MiKTeX-AyME\install\tex/latex/amsfonts\amsfonts.s
ty
Package: amsfonts 2013/01/14 v3.01 Basic AMSFonts support
\@emptytoks=\toks29
\symAMSa=\mathgroup4
\symAMSb=\mathgroup5
LaTeX Font Info:    Redeclaring math symbol \hbar on input line 98.
LaTeX Font Info:    Overwriting math alphabet `\mathfrak' in version `bold'
(Font)                  U/euf/m/n --> U/euf/b/n on input line 106.
))
(C:\Users\caste\AppData\Local\MiKTeX-AyME\install\tex/latex/sansmathaccent\sans
mathaccent.sty
Package: sansmathaccent 2020/01/31

(C:\Users\caste\AppData\Local\MiKTeX-AyME\install\tex/latex/koma-script\scrlfil
e.sty
Package: scrlfile 2026/02/02 v3.49.2 KOMA-Script package (file load hooks)

(C:\Users\caste\AppData\Local\MiKTeX-AyME\install\tex/latex/koma-script\scrlfil
e-hook.sty
Package: scrlfile-hook 2026/02/02 v3.49.2 KOMA-Script package (using LaTeX hook
s)

(C:\Users\caste\AppData\Local\MiKTeX-AyME\install\tex/latex/koma-script\scrlogo
.sty
Package: scrlogo 2026/02/02 v3.49.2 KOMA-Script package (logo)
)))))
(C:\Users\caste\AppData\Local\MiKTeX-AyME\install\tex/latex/beamer\beamerbasetr
anslator.sty
(C:\Users\caste\AppData\Local\MiKTeX-AyME\install\tex/latex/translator\translat
or.sty
Package: translator 2021-05-31 v1.12d Easy translation of strings in LaTeX
))
(C:\Users\caste\AppData\Local\MiKTeX-AyME\install\tex/latex/beamer\beamerbasemi
sc.sty)
(C:\Users\caste\AppData\Local\MiKTeX-AyME\install\tex/latex/beamer\beamerbasetw
oscreens.sty)
(C:\Users\caste\AppData\Local\MiKTeX-AyME\install\tex/latex/beamer\beamerbaseov
erlay.sty
\beamer@argscount=\count332
\beamer@lastskipcover=\skip52
\beamer@trivlistdepth=\count333
)
(C:\Users\caste\AppData\Local\MiKTeX-AyME\install\tex/latex/beamer\beamerbaseti
tle.sty)
(C:\Users\caste\AppData\Local\MiKTeX-AyME\install\tex/latex/beamer\beamerbasese
ction.sty
\c@lecture=\count334
\c@part=\count335
\c@section=\count336
\c@subsection=\count337
\c@subsubsection=\count338
)
(C:\Users\caste\AppData\Local\MiKTeX-AyME\install\tex/latex/beamer\beamerbasefr
ame.sty
\beamer@framebox=\box68
\beamer@frametitlebox=\box69
\beamer@zoombox=\box70
\beamer@zoomcount=\count339
\beamer@zoomframecount=\count340
\beamer@frametextheight=\dimen281
\c@subsectionslide=\count341
\beamer@frametopskip=\skip53
\beamer@framebottomskip=\skip54
\beamer@frametopskipautobreak=\skip55
\beamer@framebottomskipautobreak=\skip56
\beamer@envbody=\toks30
\framewidth=\dimen282
\c@framenumber=\count342
)
(C:\Users\caste\AppData\Local\MiKTeX-AyME\install\tex/latex/beamer\beamerbaseve
rbatim.sty
\beamer@verbatimfileout=\write4
)
(C:\Users\caste\AppData\Local\MiKTeX-AyME\install\tex/latex/beamer\beamerbasefr
amesize.sty
\beamer@splitbox=\box71
\beamer@autobreakcount=\count343
\beamer@autobreaklastheight=\dimen283
\beamer@frametitletoks=\toks31
\beamer@framesubtitletoks=\toks32
)
(C:\Users\caste\AppData\Local\MiKTeX-AyME\install\tex/latex/beamer\beamerbasefr
amecomponents.sty
\beamer@colheight=\skip57
\beamer@footins=\box72
)
(C:\Users\caste\AppData\Local\MiKTeX-AyME\install\tex/latex/beamer\beamerbaseco
lor.sty)
(C:\Users\caste\AppData\Local\MiKTeX-AyME\install\tex/latex/beamer\beamerbaseno
tes.sty
\beamer@frameboxcopy=\box73
)
(C:\Users\caste\AppData\Local\MiKTeX-AyME\install\tex/latex/beamer\beamerbaseto
c.sty)
(C:\Users\caste\AppData\Local\MiKTeX-AyME\install\tex/latex/beamer\beamerbasete
mplates.sty
\beamer@sbttoks=\toks33

(C:\Users\caste\AppData\Local\MiKTeX-AyME\install\tex/latex/beamer\beamerbaseau
xtemplates.sty
(C:\Users\caste\AppData\Local\MiKTeX-AyME\install\tex/latex/beamer\beamerbasebo
xes.sty
\bmb@box=\box74
\bmb@colorbox=\box75
\bmb@boxwidth=\dimen284
\bmb@boxheight=\dimen285
\bmb@prevheight=\dimen286
\bmb@temp=\dimen287
\bmb@dima=\dimen288
\bmb@dimb=\dimen289
\bmb@prevheight=\dimen290
)
\beamer@blockheadheight=\dimen291
))
(C:\Users\caste\AppData\Local\MiKTeX-AyME\install\tex/latex/beamer\beamerbaselo
calstructure.sty
(C:\Users\caste\AppData\Local\MiKTeX-AyME\install\tex/latex/tools\enumerate.sty
Package: enumerate 2023/07/04 v3.00 enumerate extensions (DPC)
\@enLab=\toks34
)
\beamer@bibiconwidth=\skip58
\c@figure=\count344
\c@table=\count345
\abovecaptionskip=\skip59
\belowcaptionskip=\skip60
)
(C:\Users\caste\AppData\Local\MiKTeX-AyME\install\tex/latex/beamer\beamerbasena
vigation.sty
(C:\Users\caste\AppData\Local\MiKTeX-AyME\install\tex/latex/beamer\beamerbasena
vigationsymbols.tex)
\beamer@section@min@dim=\dimen292
)
(C:\Users\caste\AppData\Local\MiKTeX-AyME\install\tex/latex/beamer\beamerbaseth
eorems.sty
(C:\Users\caste\AppData\Local\MiKTeX-AyME\install\tex/latex/amsmath\amsmath.sty
Package: amsmath 2025/07/09 v2.17z AMS math features
\@mathmargin=\skip61
For additional information on amsmath, use the `?' option.

(C:\Users\caste\AppData\Local\MiKTeX-AyME\install\tex/latex/amsmath\amstext.sty
Package: amstext 2024/11/17 v2.01 AMS text
(C:\Users\caste\AppData\Local\MiKTeX-AyME\install\tex/latex/amsmath\amsgen.sty
File: amsgen.sty 1999/11/30 v2.0 generic functions
\@emptytoks=\toks35
\ex@=\dimen293
))
(C:\Users\caste\AppData\Local\MiKTeX-AyME\install\tex/latex/amsmath\amsbsy.sty
Package: amsbsy 1999/11/29 v1.2d Bold Symbols
\pmbraise@=\dimen294
) (C:\Users\caste\AppData\Local\MiKTeX-AyME\install\tex/latex/amsmath\amsopn.st
y
Package: amsopn 2022/04/08 v2.04 operator names
)
\inf@bad=\count346
LaTeX Info: Redefining \frac on input line 233.
\uproot@=\count347
\leftroot@=\count348
LaTeX Info: Redefining \overline on input line 398.
LaTeX Info: Redefining \colon on input line 409.
\classnum@=\count349
\DOTSCASE@=\count350
LaTeX Info: Redefining \ldots on input line 495.
LaTeX Info: Redefining \dots on input line 498.
LaTeX Info: Redefining \cdots on input line 619.
\Mathstrutbox@=\box76
\strutbox@=\box77
LaTeX Info: Redefining \big on input line 721.
LaTeX Info: Redefining \Big on input line 722.
LaTeX Info: Redefining \bigg on input line 723.
LaTeX Info: Redefining \Bigg on input line 724.
\big@size=\dimen295
LaTeX Font Info:    Redeclaring font encoding OML on input line 742.
LaTeX Font Info:    Redeclaring font encoding OMS on input line 743.
\macc@depth=\count351
LaTeX Info: Redefining \bmod on input line 904.
LaTeX Info: Redefining \pmod on input line 909.
LaTeX Info: Redefining \smash on input line 939.
LaTeX Info: Redefining \relbar on input line 969.
LaTeX Info: Redefining \Relbar on input line 970.
\c@MaxMatrixCols=\count352
\dotsspace@=\muskip18
\c@parentequation=\count353
\dspbrk@lvl=\count354
\tag@help=\toks36
\row@=\count355
\column@=\count356
\maxfields@=\count357
\andhelp@=\toks37
\eqnshift@=\dimen296
\alignsep@=\dimen297
\tagshift@=\dimen298
\tagwidth@=\dimen299
\totwidth@=\dimen300
\lineht@=\dimen301
\@envbody=\toks38
\multlinegap=\skip62
\multlinetaggap=\skip63
\mathdisplay@stack=\toks39
LaTeX Info: Redefining \[ on input line 2950.
LaTeX Info: Redefining \] on input line 2951.
)
(C:\Users\caste\AppData\Local\MiKTeX-AyME\install\tex/latex/amscls\amsthm.sty
Package: amsthm 2020/05/29 v2.20.6
\thm@style=\toks40
\thm@bodyfont=\toks41
\thm@headfont=\toks42
\thm@notefont=\toks43
\thm@headpunct=\toks44
\thm@preskip=\skip64
\thm@postskip=\skip65
\thm@headsep=\skip66
\dth@everypar=\toks45
)
\c@theorem=\count358
)
(C:\Users\caste\AppData\Local\MiKTeX-AyME\install\tex/latex/beamer\beamerbaseth
emes.sty))
(C:\Users\caste\AppData\Local\MiKTeX-AyME\install\tex/latex/beamer\beamerthemed
efault.sty
(C:\Users\caste\AppData\Local\MiKTeX-AyME\install\tex/latex/beamer\beamerfontth
emedefault.sty)
(C:\Users\caste\AppData\Local\MiKTeX-AyME\install\tex/latex/beamer\beamercolort
hemedefault.sty)
(C:\Users\caste\AppData\Local\MiKTeX-AyME\install\tex/latex/beamer\beamerinnert
hemedefault.sty
\beamer@dima=\dimen302
\beamer@dimb=\dimen303
)
(C:\Users\caste\AppData\Local\MiKTeX-AyME\install\tex/latex/beamer\beameroutert
hemedefault.sty)))
(C:\Users\caste\AppData\Local\MiKTeX-AyME\install\tex/latex/base\inputenc.sty
Package: inputenc 2024/02/08 v1.3d Input encoding file
\inpenc@prehook=\toks46
\inpenc@posthook=\toks47
)
(C:\Users\caste\AppData\Local\MiKTeX-AyME\install\tex/latex/base\fontenc.sty
Package: fontenc 2025/07/18 v2.1d Standard LaTeX package
)
(C:\Users\caste\AppData\Local\MiKTeX-AyME\install\tex/latex/lm\lmodern.sty
Package: lmodern 2015/05/01 v1.6.1 Latin Modern Fonts
LaTeX Font Info:    Overwriting symbol font `operators' in version `normal'
(Font)                  OT1/cmr/m/n --> OT1/lmr/m/n on input line 22.
LaTeX Font Info:    Overwriting symbol font `letters' in version `normal'
(Font)                  OML/cmm/m/it --> OML/lmm/m/it on input line 23.
LaTeX Font Info:    Overwriting symbol font `symbols' in version `normal'
(Font)                  OMS/cmsy/m/n --> OMS/lmsy/m/n on input line 24.
LaTeX Font Info:    Overwriting symbol font `largesymbols' in version `normal'
(Font)                  OMX/cmex/m/n --> OMX/lmex/m/n on input line 25.
LaTeX Font Info:    Overwriting symbol font `operators' in version `bold'
(Font)                  OT1/cmr/bx/n --> OT1/lmr/bx/n on input line 26.
LaTeX Font Info:    Overwriting symbol font `letters' in version `bold'
(Font)                  OML/cmm/b/it --> OML/lmm/b/it on input line 27.
LaTeX Font Info:    Overwriting symbol font `symbols' in version `bold'
(Font)                  OMS/cmsy/b/n --> OMS/lmsy/b/n on input line 28.
LaTeX Font Info:    Overwriting symbol font `largesymbols' in version `bold'
(Font)                  OMX/cmex/m/n --> OMX/lmex/m/n on input line 29.
LaTeX Font Info:    Overwriting math alphabet `\mathbf' in version `normal'
(Font)                  OT1/cmr/bx/n --> OT1/lmr/bx/n on input line 31.
LaTeX Font Info:    Overwriting math alphabet `\mathsf' in version `normal'
(Font)                  OT1/cmss/m/n --> OT1/lmss/m/n on input line 32.
LaTeX Font Info:    Overwriting math alphabet `\mathit' in version `normal'
(Font)                  OT1/cmr/m/it --> OT1/lmr/m/it on input line 33.
LaTeX Font Info:    Overwriting math alphabet `\mathtt' in version `normal'
(Font)                  OT1/cmtt/m/n --> OT1/lmtt/m/n on input line 34.
LaTeX Font Info:    Overwriting math alphabet `\mathbf' in version `bold'
(Font)                  OT1/cmr/bx/n --> OT1/lmr/bx/n on input line 35.
LaTeX Font Info:    Overwriting math alphabet `\mathsf' in version `bold'
(Font)                  OT1/cmss/bx/n --> OT1/lmss/bx/n on input line 36.
LaTeX Font Info:    Overwriting math alphabet `\mathit' in version `bold'
(Font)                  OT1/cmr/bx/it --> OT1/lmr/bx/it on input line 37.
LaTeX Font Info:    Overwriting math alphabet `\mathtt' in version `bold'
(Font)                  OT1/cmtt/m/n --> OT1/lmtt/m/n on input line 38.
)
(C:\Users\caste\AppData\Local\MiKTeX-AyME\install\tex/generic/babel\babel.sty
Package: babel 2026/05/20 v26.8 The multilingual framework for LuaLaTeX, pdfLaT
eX and XeLaTeX
\babel@savecnt=\count359
LaTeX Encoding Info:    Redeclaring text command \ij (encoding OT1) on input li
ne 2084.
LaTeX Encoding Info:    Redeclaring text command \IJ (encoding OT1) on input li
ne 2086.
LaTeX Encoding Info:    Redeclaring text command \ij (encoding T1) on input lin
e 2088.
LaTeX Encoding Info:    Redeclaring text command \IJ (encoding T1) on input lin
e 2089.
LaTeX Encoding Info:    Ignoring declaration for text command \ij (encoding ?) 
on input line 2090.
LaTeX Encoding Info:    Ignoring declaration for text command \IJ (encoding ?) 
on input line 2092.
LaTeX Encoding Info:    Ignoring declaration for text command \SS (encoding ?) 
on input line 2117.
\U@D=\dimen304
\l@unhyphenated=\language2

(C:\Users\caste\AppData\Local\MiKTeX-AyME\install\tex/generic/babel\txtbabel.de
f)
\bbl@readstream=\read3
LaTeX Info: Redefining \textlatin on input line 3996.
\bbl@dirlevel=\count360
Package babel Info: Configuration files are deprecated, as
(babel)             they can break document portability.
(babel)             Reported on input line 4228.

*************************************
* Local config file bblopts.cfg used
*
(C:\Users\caste\AppData\Local\MiKTeX-AyME\install\tex/latex/arabi\bblopts.cfg
File: bblopts.cfg 2005/09/08 v0.1 add Arabic and Farsi to "declared" options of
 babel
)
(C:\Users\caste\AppData\Local\MiKTeX-AyME\install\tex/generic/babel/locale/es\b
abel-spanish.tex)
Package babel Info: Importing font and identification data for spanish
(babel)             from babel-es.ini. Reported on input line 4356.

(C:\Users\caste\AppData\Local\MiKTeX-AyME\install\tex/latex/babel-spanish\spani
sh.ldf
Language: spanish.ldf 2021/05/27 v5.0q Spanish support from the babel system


Package babel Warning: No hyphenation patterns were preloaded for
(babel)                the language 'Spanish' into the format.
(babel)                Please, configure your TeX system to add them and
(babel)                rebuild the format. Now I will use the patterns
(babel)                preloaded for \language=0 instead on input line 51.

\es@quottoks=\toks48
\es@quotdepth=\count361
Package babel Info: Making " an active character on input line 570.
Package babel Info: Making . an active character on input line 675.
Package babel Info: Making < an active character on input line 722.
Package babel Info: Making > an active character on input line 722.
))
LaTeX Encoding Info:    Redeclaring text command \guillemotleft (encoding OT1) 
on input line 13.
LaTeX Encoding Info:    Redeclaring text command \guillemotright (encoding OT1)
 on input line 13.
\sympureletters=\mathgroup6
LaTeX Font Info:    Overwriting symbol font `pureletters' in version `bold'
(Font)                  OT1/mathkerncmss/m/sl --> OT1/mathkerncmss/bx/sl on inp
ut line 14.
 (C:\Users\caste\AppData\Local\MiKTeX-AyME\install\tex/latex/tools\bm.sty
Package: bm 2025/10/21 v1.2g Bold Symbol Support (DPC/FMi)
\symboldoperators=\mathgroup7
\symboldletters=\mathgroup8
\symboldsymbols=\mathgroup9
Package bm Info: No bold for \OMX/lmex/m/n, using \pmb.
Package bm Info: No bold for \U/msa/m/n, using \pmb.
Package bm Info: No bold for \U/msb/m/n, using \pmb.
\symboldpureletters=\mathgroup10
LaTeX Font Info:    Redeclaring math alphabet \mathbf on input line 149.
)
(C:\Users\caste\AppData\Local\MiKTeX-AyME\install\tex/latex/mathtools\mathtools
.sty
Package: mathtools 2024/10/04 v1.31 mathematical typesetting tools
 (C:\Users\caste\AppData\Local\MiKTeX-AyME\install\tex/latex/tools\calc.sty
Package: calc 2025/03/01 v4.3b Infix arithmetic (KKT,FJ)
\calc@Acount=\count362
\calc@Bcount=\count363
\calc@Adimen=\dimen305
\calc@Bdimen=\dimen306
\calc@Askip=\skip67
\calc@Bskip=\skip68
LaTeX Info: Redefining \setlength on input line 86.
LaTeX Info: Redefining \addtolength on input line 87.
\calc@Ccount=\count364
\calc@Cskip=\skip69
)
(C:\Users\caste\AppData\Local\MiKTeX-AyME\install\tex/latex/mathtools\mhsetup.s
ty
Package: mhsetup 2021/03/18 v1.4 programming setup (MH)
)
\g_MT_multlinerow_int=\count365
\l_MT_multwidth_dim=\dimen307
\origjot=\skip70
\l_MT_shortvdotswithinadjustabove_dim=\dimen308
\l_MT_shortvdotswithinadjustbelow_dim=\dimen309
\l_MT_above_intertext_sep=\dimen310
\l_MT_below_intertext_sep=\dimen311
\l_MT_above_shortintertext_sep=\dimen312
\l_MT_below_shortintertext_sep=\dimen313
\xmathstrut@box=\box78
\xmathstrut@dim=\dimen314
)
(C:\Users\caste\AppData\Local\MiKTeX-AyME\install\tex/latex/booktabs\booktabs.s
ty
Package: booktabs 2020/01/12 v1.61803398 Publication quality tables
\heavyrulewidth=\dimen315
\lightrulewidth=\dimen316
\cmidrulewidth=\dimen317
\belowrulesep=\dimen318
\belowbottomsep=\dimen319
\aboverulesep=\dimen320
\abovetopsep=\dimen321
\cmidrulesep=\dimen322
\cmidrulekern=\dimen323
\defaultaddspace=\dimen324
\@cmidla=\count366
\@cmidlb=\count367
\@aboverulesep=\dimen325
\@belowrulesep=\dimen326
\@thisruleclass=\count368
\@lastruleclass=\count369
\@thisrulewidth=\dimen327
) (C:\Users\caste\AppData\Local\MiKTeX-AyME\install\tex/latex/tools\array.sty
Package: array 2025/09/25 v2.6n Tabular extension package (FMi)
\col@sep=\dimen328
\ar@mcellbox=\box79
\extrarowheight=\dimen329
\NC@list=\toks49
\extratabsurround=\skip71
\backup@length=\skip72
\ar@cellbox=\box80
)
(C:\Users\caste\AppData\Local\MiKTeX-AyME\install\tex/latex/tools\tabularx.sty
Package: tabularx 2023/12/11 v2.12a `tabularx' package (DPC)
\TX@col@width=\dimen330
\TX@old@table=\dimen331
\TX@old@col=\dimen332
\TX@target=\dimen333
\TX@delta=\dimen334
\TX@cols=\count370
\TX@ftn=\toks50
)
(C:\Users\caste\AppData\Local\MiKTeX-AyME\install\tex/latex/multirow\multirow.s
ty
Package: multirow 2024/11/12 v2.9 Span multiple rows of a table
\multirow@colwidth=\skip73
\multirow@cntb=\count371
\multirow@dima=\skip74
\bigstrutjot=\dimen335
)
(C:\Users\caste\AppData\Local\MiKTeX-AyME\install\tex/latex/base\textcomp.sty
Package: textcomp 2024/04/24 v2.1b Standard LaTeX package
)
LaTeX Font Info:    Trying to load font information for T1+lmss on input line 9
1.

(C:\Users\caste\AppData\Local\MiKTeX-AyME\install\tex/latex/lm\t1lmss.fd
File: t1lmss.fd 2015/05/01 v1.6.1 Font defs for Latin Modern
)
(C:\Users\caste\AppData\Local\MiKTeX-AyME\install\tex/latex/l3backend\l3backend
-pdftex.def
File: l3backend-pdftex.def 2026-02-18 L3 backend support: PDF output (pdfTeX)
\l__color_backend_stack_int=\count372
) (main_presentacion.aux
LaTeX Info: Redefining \. on input line 11.
LaTeX Info: Redefining \% on input line 11.
Package babel Info: 'spanish' activates 'spanish' shorthands.
(babel)             Reported on input line 11.
)
\openout1 = `main_presentacion.aux'.

LaTeX Font Info:    Checking defaults for OML/cmm/m/it on input line 91.
LaTeX Font Info:    ... okay on input line 91.
LaTeX Font Info:    Checking defaults for OMS/cmsy/m/n on input line 91.
LaTeX Font Info:    ... okay on input line 91.
LaTeX Font Info:    Checking defaults for OT1/cmr/m/n on input line 91.
LaTeX Font Info:    ... okay on input line 91.
LaTeX Font Info:    Checking defaults for T1/cmr/m/n on input line 91.
LaTeX Font Info:    ... okay on input line 91.
LaTeX Font Info:    Checking defaults for TS1/cmr/m/n on input line 91.
LaTeX Font Info:    ... okay on input line 91.
LaTeX Font Info:    Checking defaults for OMX/cmex/m/n on input line 91.
LaTeX Font Info:    ... okay on input line 91.
LaTeX Font Info:    Checking defaults for U/cmr/m/n on input line 91.
LaTeX Font Info:    ... okay on input line 91.
LaTeX Font Info:    Checking defaults for PD1/pdf/m/n on input line 91.
LaTeX Font Info:    ... okay on input line 91.
LaTeX Font Info:    Checking defaults for PU/pdf/m/n on input line 91.
LaTeX Font Info:    ... okay on input line 91.

*geometry* driver: auto-detecting
*geometry* detected driver: pdftex
*geometry* verbose mode - [ preamble ] result:
* driver: pdftex
* paper: custom
* layout: <same size as paper>
* layoutoffset:(h,v)=(0.0pt,0.0pt)
* modes: includehead includefoot 
* h-part:(L,W,R)=(28.45274pt, 398.3386pt, 28.45274pt)
* v-part:(T,H,B)=(0.0pt, 256.0748pt, 0.0pt)
* \paperwidth=455.24408pt
* \paperheight=256.0748pt
* \textwidth=398.3386pt
* \textheight=227.62207pt
* \oddsidemargin=-43.81725pt
* \evensidemargin=-43.81725pt
* \topmargin=-72.26999pt
* \headheight=14.22636pt
* \headsep=0.0pt
* \topskip=11.0pt
* \footskip=14.22636pt
* \marginparwidth=4.0pt
* \marginparsep=10.0pt
* \columnsep=10.0pt
* \skip\footins=10.0pt plus 4.0pt minus 2.0pt
* \hoffset=0.0pt
* \voffset=0.0pt
* \mag=1000
* \@twocolumnfalse
* \@twosidefalse
* \@mparswitchfalse
* \@reversemarginfalse
* (1in=72.27pt=25.4mm, 1cm=28.453pt)


(C:\Users\caste\AppData\Local\MiKTeX-AyME\install\tex/context/base/mkii\supp-pd
f.mkii
[Loading MPS to PDF converter (version 2006.09.02).]
\scratchcounter=\count373
\scratchdimen=\dimen336
\scratchbox=\box81
\nofMPsegments=\count374
\nofMParguments=\count375
\everyMPshowfont=\toks51
\MPscratchCnt=\count376
\MPscratchDim=\dimen337
\MPnumerator=\count377
\makeMPintoPDFobject=\count378
\everyMPtoPDFconversion=\toks52
)
(C:\Users\caste\AppData\Local\MiKTeX-AyME\install\tex/latex/epstopdf-pkg\epstop
df-base.sty
Package: epstopdf-base 2020-01-24 v2.11 Base part for package epstopdf
Package epstopdf-base Info: Redefining graphics rule for `.eps' on input line 4
85.

(C:\Users\caste\AppData\Local\MiKTeX-AyME\install\tex/latex/00miktex\epstopdf-s
ys.cfg
File: epstopdf-sys.cfg 2021/03/18 v2.0 Configuration of epstopdf for MiKTeX
))
Package hyperref Info: Link coloring OFF on input line 91.
 (main_presentacion.out) (main_presentacion.out)
\@outlinefile=\write5
\openout5 = `main_presentacion.out'.

LaTeX Font Info:    Overwriting symbol font `operators' in version `normal'
(Font)                  OT1/lmr/m/n --> OT1/cmss/m/n on input line 91.
LaTeX Font Info:    Overwriting symbol font `operators' in version `bold'
(Font)                  OT1/lmr/bx/n --> OT1/cmss/b/n on input line 91.
LaTeX Font Info:    Overwriting symbol font `operators' in version `normal'
(Font)                  OT1/cmss/m/n --> OT1/lmss/m/n on input line 91.
LaTeX Font Info:    Overwriting symbol font `operators' in version `bold'
(Font)                  OT1/cmss/b/n --> OT1/lmss/b/n on input line 91.
\symnumbers=\mathgroup11
LaTeX Font Info:    Redeclaring symbol font `pureletters' on input line 91.
LaTeX Font Info:    Encoding `OT1' has changed to `T1' for symbol font
(Font)              `pureletters' in the math version `normal' on input line 91
.
LaTeX Font Info:    Overwriting symbol font `pureletters' in version `normal'
(Font)                  OT1/mathkerncmss/m/sl --> T1/lmss/m/it on input line 91
.
LaTeX Font Info:    Encoding `OT1' has changed to `T1' for symbol font
(Font)              `pureletters' in the math version `bold' on input line 91.
LaTeX Font Info:    Overwriting symbol font `pureletters' in version `bold'
(Font)                  OT1/mathkerncmss/bx/sl --> T1/lmss/m/it on input line 9
1.
LaTeX Font Info:    Overwriting math alphabet `\mathrm' in version `normal'
(Font)                  OT1/lmss/m/n --> T1/lmr/m/n on input line 91.
LaTeX Font Info:    Redeclaring math alphabet \mathbf on input line 91.
LaTeX Font Info:    Redeclaring math alphabet \mathsf on input line 91.
LaTeX Font Info:    Overwriting math alphabet `\mathsf' in version `normal'
(Font)                  OT1/lmss/m/n --> T1/lmss/m/n on input line 91.
LaTeX Font Info:    Overwriting math alphabet `\mathsf' in version `bold'
(Font)                  OT1/lmss/bx/n --> T1/lmss/m/n on input line 91.
LaTeX Font Info:    Redeclaring math alphabet \mathit on input line 91.
LaTeX Font Info:    Overwriting math alphabet `\mathit' in version `normal'
(Font)                  OT1/lmr/m/it --> T1/lmss/m/it on input line 91.
LaTeX Font Info:    Overwriting math alphabet `\mathit' in version `bold'
(Font)                  OT1/lmr/bx/it --> T1/lmss/m/it on input line 91.
LaTeX Font Info:    Redeclaring math alphabet \mathtt on input line 91.
LaTeX Font Info:    Overwriting math alphabet `\mathtt' in version `normal'
(Font)                  OT1/lmtt/m/n --> T1/lmtt/m/n on input line 91.
LaTeX Font Info:    Overwriting math alphabet `\mathtt' in version `bold'
(Font)                  OT1/lmtt/m/n --> T1/lmtt/m/n on input line 91.
LaTeX Font Info:    Overwriting symbol font `numbers' in version `bold'
(Font)                  T1/lmss/m/n --> T1/lmss/b/n on input line 91.
LaTeX Font Info:    Overwriting symbol font `pureletters' in version `bold'
(Font)                  T1/lmss/m/it --> T1/lmss/b/it on input line 91.
LaTeX Font Info:    Overwriting math alphabet `\mathrm' in version `bold'
(Font)                  OT1/lmss/b/n --> T1/lmr/b/n on input line 91.
LaTeX Font Info:    Overwriting math alphabet `\mathbf' in version `bold'
(Font)                  T1/lmss/b/n --> T1/lmss/b/n on input line 91.
LaTeX Font Info:    Overwriting math alphabet `\mathsf' in version `bold'
(Font)                  T1/lmss/m/n --> T1/lmss/b/n on input line 91.
LaTeX Font Info:    Overwriting math alphabet `\mathit' in version `bold'
(Font)                  T1/lmss/m/it --> T1/lmss/b/it on input line 91.
LaTeX Font Info:    Overwriting math alphabet `\mathtt' in version `bold'
(Font)                  T1/lmtt/m/n --> T1/lmtt/b/n on input line 91.
LaTeX Font Info:    Redeclaring symbol font `boldpureletters' on input line 91.

LaTeX Font Info:    Encoding `OT1' has changed to `T1' for symbol font
(Font)              `boldpureletters' in the math version `normal' on input lin
e 91.
LaTeX Font Info:    Overwriting symbol font `boldpureletters' in version `norma
l'
(Font)                  OT1/mathkerncmss/bx/sl --> T1/lmss/bx/it on input line 
91.
LaTeX Font Info:    Encoding `OT1' has changed to `T1' for symbol font
(Font)              `boldpureletters' in the math version `bold' on input line 
91.
LaTeX Font Info:    Overwriting symbol font `boldpureletters' in version `bold'

(Font)                  OT1/mathkerncmss/bx/sl --> T1/lmss/bx/it on input line 
91.

(C:\Users\caste\AppData\Local\MiKTeX-AyME\install\tex/latex/translator\translat
or-basic-dictionary-English.dict
Dictionary: translator-basic-dictionary, Language: English 
)
(C:\Users\caste\AppData\Local\MiKTeX-AyME\install\tex/latex/translator\translat
or-bibliography-dictionary-English.dict
Dictionary: translator-bibliography-dictionary, Language: English 
)
(C:\Users\caste\AppData\Local\MiKTeX-AyME\install\tex/latex/translator\translat
or-environment-dictionary-English.dict
Dictionary: translator-environment-dictionary, Language: English 
)
(C:\Users\caste\AppData\Local\MiKTeX-AyME\install\tex/latex/translator\translat
or-months-dictionary-English.dict
Dictionary: translator-months-dictionary, Language: English 
)
(C:\Users\caste\AppData\Local\MiKTeX-AyME\install\tex/latex/translator\translat
or-numbers-dictionary-English.dict
Dictionary: translator-numbers-dictionary, Language: English 
)
(C:\Users\caste\AppData\Local\MiKTeX-AyME\install\tex/latex/translator\translat
or-theorem-dictionary-English.dict
Dictionary: translator-theorem-dictionary, Language: English 
)
LaTeX Info: Redefining \. on input line 91.
LaTeX Info: Redefining \% on input line 91.
 (main_presentacion.nav)
Overfull \vbox (0.29274pt too high) detected at line 124
 []

[1

{C:/Users/caste/AppData/Local/MiKTeX-AyME/data/fonts/map/pdftex/pdftex.map}{C:/
Users/caste/AppData/Local/MiKTeX-AyME/install/fonts/enc/dvips/lm/lm-ec.enc}]
LaTeX Font Info:    Trying to load font information for TS1+lmss on input line 
151.

(C:\Users\caste\AppData\Local\MiKTeX-AyME\install\tex/latex/lm\ts1lmss.fd
File: ts1lmss.fd 2015/05/01 v1.6.1 Font defs for Latin Modern
)
LaTeX Font Info:    Font shape `T1/lmss/m/it' in size <10.95> not available
(Font)              Font shape `T1/lmss/m/sl' tried instead on input line 151.
LaTeX Font Info:    Trying to load font information for OT1+lmss on input line 
151.

(C:\Users\caste\AppData\Local\MiKTeX-AyME\install\tex/latex/lm\ot1lmss.fd
File: ot1lmss.fd 2015/05/01 v1.6.1 Font defs for Latin Modern
)
LaTeX Font Info:    Trying to load font information for OML+lmm on input line 1
51.

(C:\Users\caste\AppData\Local\MiKTeX-AyME\install\tex/latex/lm\omllmm.fd
File: omllmm.fd 2015/05/01 v1.6.1 Font defs for Latin Modern
)
LaTeX Font Info:    Trying to load font information for OMS+lmsy on input line 
151.

(C:\Users\caste\AppData\Local\MiKTeX-AyME\install\tex/latex/lm\omslmsy.fd
File: omslmsy.fd 2015/05/01 v1.6.1 Font defs for Latin Modern
)
LaTeX Font Info:    Trying to load font information for OMX+lmex on input line 
151.

(C:\Users\caste\AppData\Local\MiKTeX-AyME\install\tex/latex/lm\omxlmex.fd
File: omxlmex.fd 2015/05/01 v1.6.1 Font defs for Latin Modern
)
LaTeX Font Info:    External font `lmex10' loaded for size
(Font)              <10.95> on input line 151.
LaTeX Font Info:    External font `lmex10' loaded for size
(Font)              <8> on input line 151.
LaTeX Font Info:    External font `lmex10' loaded for size
(Font)              <6> on input line 151.
LaTeX Font Info:    Trying to load font information for U+msa on input line 151
.

(C:\Users\caste\AppData\Local\MiKTeX-AyME\install\tex/latex/amsfonts\umsa.fd
File: umsa.fd 2013/01/14 v3.01 AMS symbols A
)
LaTeX Font Info:    Trying to load font information for U+msb on input line 151
.

(C:\Users\caste\AppData\Local\MiKTeX-AyME\install\tex/latex/amsfonts\umsb.fd
File: umsb.fd 2013/01/14 v3.01 AMS symbols B
)
LaTeX Font Info:    Font shape `T1/lmss/m/it' in size <8> not available
(Font)              Font shape `T1/lmss/m/sl' tried instead on input line 151.
LaTeX Font Info:    Font shape `T1/lmss/m/it' in size <6> not available
(Font)              Font shape `T1/lmss/m/sl' tried instead on input line 151.
LaTeX Font Info:    Trying to load font information for OT1+lmr on input line 1
51.

(C:\Users\caste\AppData\Local\MiKTeX-AyME\install\tex/latex/lm\ot1lmr.fd
File: ot1lmr.fd 2015/05/01 v1.6.1 Font defs for Latin Modern
)
LaTeX Font Info:    Font shape `T1/lmss/bx/it' in size <10.95> not available
(Font)              Font shape `T1/lmss/bx/sl' tried instead on input line 151.

LaTeX Font Info:    Font shape `T1/lmss/bx/it' in size <8> not available
(Font)              Font shape `T1/lmss/bx/sl' tried instead on input line 151.

LaTeX Font Info:    Font shape `T1/lmss/bx/it' in size <6> not available
(Font)              Font shape `T1/lmss/bx/sl' tried instead on input line 151.


[2

{C:/Users/caste/AppData/Local/MiKTeX-AyME/install/fonts/enc/dvips/lm/lm-ts1.enc
}{C:/Users/caste/AppData/Local/MiKTeX-AyME/install/fonts/enc/dvips/lm/lm-rm.enc
}{C:/Users/caste/AppData/Local/MiKTeX-AyME/install/fonts/enc/dvips/lm/lm-mathit
.enc}{C:/Users/caste/AppData/Local/MiKTeX-AyME/install/fonts/enc/dvips/lm/lm-ma
thsy.enc}]
LaTeX Font Info:    External font `lmex10' loaded for size
(Font)              <10> on input line 186.
LaTeX Font Info:    External font `lmex10' loaded for size
(Font)              <7> on input line 186.
LaTeX Font Info:    External font `lmex10' loaded for size
(Font)              <5> on input line 186.
LaTeX Font Info:    Font shape `T1/lmss/m/it' in size <10> not available
(Font)              Font shape `T1/lmss/m/sl' tried instead on input line 186.
LaTeX Font Info:    Font shape `T1/lmss/m/it' in size <7> not available
(Font)              Font shape `T1/lmss/m/sl' tried instead on input line 186.
LaTeX Font Info:    Font shape `T1/lmss/m/it' in size <5> not available
(Font)              Font shape `T1/lmss/m/sl' tried instead on input line 186.
LaTeX Font Info:    Font shape `T1/lmss/bx/it' in size <10> not available
(Font)              Font shape `T1/lmss/bx/sl' tried instead on input line 186.

LaTeX Font Info:    Font shape `T1/lmss/bx/it' in size <7> not available
(Font)              Font shape `T1/lmss/bx/sl' tried instead on input line 186.

LaTeX Font Info:    Font shape `T1/lmss/bx/it' in size <5> not available
(Font)              Font shape `T1/lmss/bx/sl' tried instead on input line 186.

 [3

] [4

]
<imagenes/diagrama_completo.png, id=67, 629.35126pt x 354.19829pt>
File: imagenes/diagrama_completo.png Graphic file (type png)
<use imagenes/diagrama_completo.png>
Package pdftex.def Info: imagenes/diagrama_completo.png  used on input line 200
.
(pdftex.def)             Requested size: 300.26057pt x 168.98636pt.
 [5

 <./imagenes/diagrama_completo.png>]
<imagenes/brazo_1gdl.png, id=77, 431.6125pt x 369.38pt>
File: imagenes/brazo_1gdl.png Graphic file (type png)
<use imagenes/brazo_1gdl.png>
Package pdftex.def Info: imagenes/brazo_1gdl.png  used on input line 207.
(pdftex.def)             Requested size: 197.45749pt x 168.98686pt.
 [6

 <./imagenes/brazo_1gdl.png>]
LaTeX Font Info:    External font `lmex10' loaded for size
(Font)              <9> on input line 245.
LaTeX Font Info:    Font shape `T1/lmss/m/it' in size <9> not available
(Font)              Font shape `T1/lmss/m/sl' tried instead on input line 245.
LaTeX Font Info:    Font shape `T1/lmss/bx/it' in size <9> not available
(Font)              Font shape `T1/lmss/bx/sl' tried instead on input line 245.

 [7

] [8

] [9

] [10

{C:/Users/caste/AppData/Local/MiKTeX-AyME/install/fonts/enc/dvips/lm/lm-mathex.
enc}] [11

] [12

] [13

] [14

] [15

] [16

]
LaTeX Font Info:    External font `lmex10' loaded for size
(Font)              <24.88> on input line 478.
LaTeX Font Info:    External font `lmex10' loaded for size
(Font)              <20.74> on input line 478.
LaTeX Font Info:    External font `lmex10' loaded for size
(Font)              <17.28> on input line 478.
LaTeX Font Info:    Font shape `T1/lmss/m/it' in size <24.88> not available
(Font)              Font shape `T1/lmss/m/sl' tried instead on input line 478.
LaTeX Font Info:    Font shape `T1/lmss/m/it' in size <20.74> not available
(Font)              Font shape `T1/lmss/m/sl' tried instead on input line 478.
LaTeX Font Info:    Font shape `T1/lmss/m/it' in size <17.28> not available
(Font)              Font shape `T1/lmss/m/sl' tried instead on input line 478.
LaTeX Font Info:    Font shape `T1/lmss/bx/it' in size <24.88> not available
(Font)              Font shape `T1/lmss/bx/sl' tried instead on input line 478.

LaTeX Font Info:    Font shape `T1/lmss/bx/it' in size <20.74> not available
(Font)              Font shape `T1/lmss/bx/sl' tried instead on input line 478.

LaTeX Font Info:    Font shape `T1/lmss/bx/it' in size <17.28> not available
(Font)              Font shape `T1/lmss/bx/sl' tried instead on input line 478.

 [17

]
LaTeX Font Info:    External font `lmex10' loaded for size
(Font)              <12> on input line 508.
LaTeX Font Info:    Font shape `T1/lmss/m/it' in size <12> not available
(Font)              Font shape `T1/lmss/m/sl' tried instead on input line 508.
LaTeX Font Info:    Font shape `T1/lmss/bx/it' in size <12> not available
(Font)              Font shape `T1/lmss/bx/sl' tried instead on input line 508.

 [18

]
LaTeX Font Info:    Font shape `OT1/lmss/b/n' in size <10.95> not available
(Font)              Font shape `OT1/lmss/bx/n' tried instead on input line 536.

LaTeX Font Info:    Font shape `OT1/lmss/b/n' in size <8> not available
(Font)              Font shape `OT1/lmss/bx/n' tried instead on input line 536.

LaTeX Font Info:    Font shape `OT1/lmss/b/n' in size <6> not available
(Font)              Font shape `OT1/lmss/bx/n' tried instead on input line 536.

LaTeX Font Info:    Font shape `T1/lmss/b/it' in size <10.95> not available
(Font)              Font shape `T1/lmss/bx/it' tried instead on input line 536.

LaTeX Font Info:    Font shape `T1/lmss/bx/it' in size <10.95> not available
(Font)              Font shape `T1/lmss/bx/sl' tried instead on input line 536.

LaTeX Font Info:    Font shape `T1/lmss/b/it' in size <8> not available
(Font)              Font shape `T1/lmss/bx/it' tried instead on input line 536.

LaTeX Font Info:    Font shape `T1/lmss/bx/it' in size <8> not available
(Font)              Font shape `T1/lmss/bx/sl' tried instead on input line 536.

LaTeX Font Info:    Font shape `T1/lmss/b/it' in size <6> not available
(Font)              Font shape `T1/lmss/bx/it' tried instead on input line 536.

LaTeX Font Info:    Font shape `T1/lmss/bx/it' in size <6> not available
(Font)              Font shape `T1/lmss/bx/sl' tried instead on input line 536.

LaTeX Font Info:    Font shape `T1/lmss/b/n' in size <10.95> not available
(Font)              Font shape `T1/lmss/bx/n' tried instead on input line 536.
LaTeX Font Info:    Font shape `T1/lmss/b/n' in size <8> not available
(Font)              Font shape `T1/lmss/bx/n' tried instead on input line 536.
LaTeX Font Info:    Font shape `T1/lmss/b/n' in size <6> not available
(Font)              Font shape `T1/lmss/bx/n' tried instead on input line 536.
LaTeX Font Info:    Trying to load font information for T1+lmr on input line 53
6.

(C:\Users\caste\AppData\Local\MiKTeX-AyME\install\tex/latex/lm\t1lmr.fd
File: t1lmr.fd 2015/05/01 v1.6.1 Font defs for Latin Modern
)
[19

] [20

] [21

] [22

] [23

] [24

] [25

] [26

] [27

] [28

] [29

] [30

]
<imagenes/simulink_diagrama_completo.png, id=276, 511.15968pt x 240.14719pt>
File: imagenes/simulink_diagrama_completo.png Graphic file (type png)
<use imagenes/simulink_diagrama_completo.png>
Package pdftex.def Info: imagenes/simulink_diagrama_completo.png  used on input
 line 845.
(pdftex.def)             Requested size: 359.69684pt x 168.98863pt.
 [31

 <./imagenes/simulink_diagrama_completo.png>]
<imagenes/resultado_corriente.png, id=286, 423.45703pt x 222.8325pt>
File: imagenes/resultado_corriente.png Graphic file (type png)
<use imagenes/resultado_corriente.png>
Package pdftex.def Info: imagenes/resultado_corriente.png  used on input line 8
57.
(pdftex.def)             Requested size: 146.80359pt x 77.25131pt.
<imagenes/resultado_velocidad.png, id=287, 423.45703pt x 222.8325pt>
File: imagenes/resultado_velocidad.png Graphic file (type png)
<use imagenes/resultado_velocidad.png>
Package pdftex.def Info: imagenes/resultado_velocidad.png  used on input line 8
57.
(pdftex.def)             Requested size: 146.80359pt x 77.25131pt.
 [32

 <./imagenes/resultado_corriente.png> <./imagenes/resultado_velocidad.png>]
<imagenes/resultado_temperatura.png, id=297, 423.45703pt x 222.8325pt>
File: imagenes/resultado_temperatura.png Graphic file (type png)
<use imagenes/resultado_temperatura.png>
Package pdftex.def Info: imagenes/resultado_temperatura.png  used on input line
 873.
(pdftex.def)             Requested size: 229.3806pt x 120.70517pt.
 [33

 <./imagenes/resultado_temperatura.png>]
[34

] [35

] [36

] [37

] [38

] [39

] [40

] [41

] [42

] [43

]
<imagenes/LTI equivalente_nominal.png, id=378, 882.29625pt x 519.44063pt>
File: imagenes/LTI equivalente_nominal.png Graphic file (type png)
<use imagenes/LTI equivalente_nominal.png>
Package pdftex.def Info: imagenes/LTI equivalente_nominal.png  used on input li
ne 1149.
(pdftex.def)             Requested size: 287.0256pt x 168.98265pt.
 [44

 <./imagenes/LTI equivalente_nominal.png>] [45

] [46

] [47

] [48

] [49

]
<imagenes/LTI equivalente_aumentado.png, id=423, 992.95969pt x 614.295pt>
File: imagenes/LTI equivalente_aumentado.png Graphic file (type png)
<use imagenes/LTI equivalente_aumentado.png>
Package pdftex.def Info: imagenes/LTI equivalente_aumentado.png  used on input 
line 1274.
(pdftex.def)             Requested size: 273.14809pt x 168.98318pt.
 [50

 <./imagenes/LTI equivalente_aumentado.png>]
<imagenes/NL con realimentacion NL.png, id=432, 1216.545pt x 594.72188pt>
File: imagenes/NL con realimentacion NL.png Graphic file (type png)
<use imagenes/NL con realimentacion NL.png>
Package pdftex.def Info: imagenes/NL con realimentacion NL.png  used on input l
ine 1281.
(pdftex.def)             Requested size: 345.66084pt x 168.98024pt.
 [51

 <./imagenes/NL con realimentacion NL.png>] [52

] [53

] [54

]
[55

]
<imagenes/polosaliente_cilindrico.png, id=470, 853.1875pt x 442.65375pt>
File: imagenes/polosaliente_cilindrico.png Graphic file (type png)
<use imagenes/polosaliente_cilindrico.png>
Package pdftex.def Info: imagenes/polosaliente_cilindrico.png  used on input li
ne 1362.
(pdftex.def)             Requested size: 325.71176pt x 168.98691pt.
 [56

 <./imagenes/polosaliente_cilindrico.png>] [57

]
<imagenes/migracion_ids_1.png, id=486, 2168.1pt x 1177.39874pt>
File: imagenes/migracion_ids_1.png Graphic file (type png)
<use imagenes/migracion_ids_1.png>
Package pdftex.def Info: imagenes/migracion_ids_1.png  used on input line 1414.

(pdftex.def)             Requested size: 311.174pt x 168.98476pt.
 [58

 <./imagenes/migracion_ids_1.png (PNG copy)>]
<imagenes/migracion_ids_2.png, id=494, 2168.1pt x 1177.39874pt>
File: imagenes/migracion_ids_2.png Graphic file (type png)
<use imagenes/migracion_ids_2.png>
Package pdftex.def Info: imagenes/migracion_ids_2.png  used on input line 1421.

(pdftex.def)             Requested size: 311.174pt x 168.98476pt.
 [59

 <./imagenes/migracion_ids_2.png (PNG copy)>]
[60

] [61

] [62

] [63

]
<imagenes/polos_ceros_LA.png, id=532, 2168.1pt x 1177.39874pt>
File: imagenes/polos_ceros_LA.png Graphic file (type png)
<use imagenes/polos_ceros_LA.png>
Package pdftex.def Info: imagenes/polos_ceros_LA.png  used on input line 1539.
(pdftex.def)             Requested size: 311.174pt x 168.98476pt.
 [64

 <./imagenes/polos_ceros_LA.png (PNG copy)>] [65

]
<imagenes/migracion_Rs.png, id=547, 2107.875pt x 903.375pt>
File: imagenes/migracion_Rs.png Graphic file (type png)
<use imagenes/migracion_Rs.png>
Package pdftex.def Info: imagenes/migracion_Rs.png  used on input line 1568.
(pdftex.def)             Requested size: 239.00558pt x 102.4179pt.

[66

 <./imagenes/migracion_Rs.png (PNG copy)>]
<imagenes/migracion_ml.png, id=555, 2107.875pt x 903.375pt>
File: imagenes/migracion_ml.png Graphic file (type png)
<use imagenes/migracion_ml.png>
Package pdftex.def Info: imagenes/migracion_ml.png  used on input line 1594.
(pdftex.def)             Requested size: 239.00558pt x 102.4179pt.
 [67

 <./imagenes/migracion_ml.png (PNG copy)>]
<imagenes/bode_LA.png, id=564, 1806.75pt x 903.375pt>
File: imagenes/bode_LA.png Graphic file (type png)
<use imagenes/bode_LA.png>
Package pdftex.def Info: imagenes/bode_LA.png  used on input line 1601.
(pdftex.def)             Requested size: 337.9653pt x 168.98265pt.
 [68

 <./imagenes/bode_LA.png (PNG copy)>] [69

] [70

] [71

] [72

]
[73

] [74

] [75

] [76

] [77

]
<imagenes/sim_senales_entrada.png, id=637, 2148.52687pt x 1141.26375pt>
File: imagenes/sim_senales_entrada.png Graphic file (type png)
<use imagenes/sim_senales_entrada.png>
Package pdftex.def Info: imagenes/sim_senales_entrada.png  used on input line 1
833.
(pdftex.def)             Requested size: 318.10158pt x 168.97057pt.
 [78

 <./imagenes/sim_senales_entrada.png (PNG copy)>]
<imagenes/sim_diagrama_bloques.png, id=645, 458.46281pt x 453.19313pt>
File: imagenes/sim_diagrama_bloques.png Graphic file (type png)
<use imagenes/sim_diagrama_bloques.png>
Package pdftex.def Info: imagenes/sim_diagrama_bloques.png  used on input line 
1840.
(pdftex.def)             Requested size: 170.95074pt x 168.9858pt.

[79

 <./imagenes/sim_diagrama_bloques.png>] [80

]
<imagenes/sim_theta_m.png, id=662, 834.86906pt x 624.83438pt>
File: imagenes/sim_theta_m.png Graphic file (type png)
<use imagenes/sim_theta_m.png>
Package pdftex.def Info: imagenes/sim_theta_m.png  used on input line 1862.
(pdftex.def)             Requested size: 225.7871pt x 168.98402pt.
 [81

 <./imagenes/sim_theta_m.png>]
<imagenes/sim_theta_m_error.png, id=671, 834.86906pt x 581.92406pt>
File: imagenes/sim_theta_m_error.png Graphic file (type png)
<use imagenes/sim_theta_m_error.png>
Package pdftex.def Info: imagenes/sim_theta_m_error.png  used on input line 186
9.
(pdftex.def)             Requested size: 242.43704pt x 168.98451pt.
 [82

 <./imagenes/sim_theta_m_error.png>]
<imagenes/sim_omega_m.png, id=680, 834.86906pt x 624.83438pt>
File: imagenes/sim_omega_m.png Graphic file (type png)
<use imagenes/sim_omega_m.png>
Package pdftex.def Info: imagenes/sim_omega_m.png  used on input line 1876.
(pdftex.def)             Requested size: 225.7871pt x 168.98402pt.
 [83

 <./imagenes/sim_omega_m.png>]
<imagenes/sim_omega_m_error.png, id=689, 834.86906pt x 581.92406pt>
File: imagenes/sim_omega_m_error.png Graphic file (type png)
<use imagenes/sim_omega_m_error.png>
Package pdftex.def Info: imagenes/sim_omega_m_error.png  used on input line 188
3.
(pdftex.def)             Requested size: 242.43704pt x 168.98451pt.

[84

 <./imagenes/sim_omega_m_error.png>]
<imagenes/sim_iqs.png, id=698, 834.86906pt x 624.83438pt>
File: imagenes/sim_iqs.png Graphic file (type png)
<use imagenes/sim_iqs.png>
Package pdftex.def Info: imagenes/sim_iqs.png  used on input line 1890.
(pdftex.def)             Requested size: 225.7871pt x 168.98402pt.
 [85

 <./imagenes/sim_iqs.png>]
<imagenes/sim_iqs_error.png, id=708, 834.86906pt x 581.92406pt>
File: imagenes/sim_iqs_error.png Graphic file (type png)
<use imagenes/sim_iqs_error.png>
Package pdftex.def Info: imagenes/sim_iqs_error.png  used on input line 1897.
(pdftex.def)             Requested size: 242.43704pt x 168.98451pt.
 [86

 <./imagenes/sim_iqs_error.png>] [87

]
<imagenes/sim_Ts.png, id=724, 834.86906pt x 624.83438pt>
File: imagenes/sim_Ts.png Graphic file (type png)
<use imagenes/sim_Ts.png>
Package pdftex.def Info: imagenes/sim_Ts.png  used on input line 1927.
(pdftex.def)             Requested size: 225.7871pt x 168.98402pt.
 [88

 <./imagenes/sim_Ts.png>]
<imagenes/sim_v_ds.png, id=733, 834.86906pt x 624.83438pt>
File: imagenes/sim_v_ds.png Graphic file (type png)
<use imagenes/sim_v_ds.png>
Package pdftex.def Info: imagenes/sim_v_ds.png  used on input line 1934.
(pdftex.def)             Requested size: 225.7871pt x 168.98402pt.
 [89

 <./imagenes/sim_v_ds.png>]
<imagenes/sim_corrientes_abc.png, id=742, 834.86906pt x 624.83438pt>
File: imagenes/sim_corrientes_abc.png Graphic file (type png)
<use imagenes/sim_corrientes_abc.png>
Package pdftex.def Info: imagenes/sim_corrientes_abc.png  used on input line 19
41.
(pdftex.def)             Requested size: 225.7871pt x 168.98402pt.
 [90

 <./imagenes/sim_corrientes_abc.png>]
<imagenes/sim_torque_vs_velocidad.png, id=751, 727.0362pt x 557.4426pt>
File: imagenes/sim_torque_vs_velocidad.png Graphic file (type png)
<use imagenes/sim_torque_vs_velocidad.png>
Package pdftex.def Info: imagenes/sim_torque_vs_velocidad.png  used on input li
ne 1948.
(pdftex.def)             Requested size: 220.38673pt x 168.97777pt.
 [91

 <./imagenes/sim_torque_vs_velocidad.png (PNG copy)>] [92

] [93

] [94

]
<imagenes/sim_angulo_carga.png, id=782, 2167.34718pt x 1140.51094pt>
File: imagenes/sim_angulo_carga.png Graphic file (type png)
<use imagenes/sim_angulo_carga.png>
Package pdftex.def Info: imagenes/sim_angulo_carga.png  used on input line 2019
.
(pdftex.def)             Requested size: 321.11952pt x 168.98093pt.
 [95

 <./imagenes/sim_angulo_carga.png>] [96

] [97

] [98

] [99

]
<imagenes/sim_ids_NL_3casos.png, id=820, 576.7146pt x 295.5843pt>
File: imagenes/sim_ids_NL_3casos.png Graphic file (type png)
<use imagenes/sim_ids_NL_3casos.png>
Package pdftex.def Info: imagenes/sim_ids_NL_3casos.png  used on input line 212
1.
(pdftex.def)             Requested size: 329.70752pt x 168.98543pt.
 [100

 <./imagenes/sim_ids_NL_3casos.png (PNG copy)>]
<imagenes/sim_ids_LTI_3casos.png, id=828, 576.7146pt x 295.5843pt>
File: imagenes/sim_ids_LTI_3casos.png Graphic file (type png)
<use imagenes/sim_ids_LTI_3casos.png>
Package pdftex.def Info: imagenes/sim_ids_LTI_3casos.png  used on input line 21
28.
(pdftex.def)             Requested size: 329.70752pt x 168.98543pt.

[101

 <./imagenes/sim_ids_LTI_3casos.png (PNG copy)>]
<imagenes/sim_ids_vs_iqs.png, id=836, 457.2282pt x 588.2778pt>
File: imagenes/sim_ids_vs_iqs.png Graphic file (type png)
<use imagenes/sim_ids_vs_iqs.png>
Package pdftex.def Info: imagenes/sim_ids_vs_iqs.png  used on input line 2135.
(pdftex.def)             Requested size: 131.33696pt x 168.98044pt.
 [102

 <./imagenes/sim_ids_vs_iqs.png (PNG copy)>] [103

] [104

] [105

]
<imagenes/sim_ff_ids.png, id=866, 571.6557pt x 328.8285pt>
File: imagenes/sim_ff_ids.png Graphic file (type png)
<use imagenes/sim_ff_ids.png>
Package pdftex.def Info: imagenes/sim_ff_ids.png  used on input line 2209.
(pdftex.def)             Requested size: 293.78229pt x 168.9898pt.
 [106

 <./imagenes/sim_ff_ids.png (PNG copy)>] [107

] [108

] [109

] [110

] [111

] [112

] [113

] [114

]
<imagenes/desacop_realimentacion_fisicas_naturales.png, id=931, 849.1725pt x 54
3.53062pt>
File: imagenes/desacop_realimentacion_fisicas_naturales.png Graphic file (type 
png)
<use imagenes/desacop_realimentacion_fisicas_naturales.png>
Package pdftex.def Info: imagenes/desacop_realimentacion_fisicas_naturales.png 
 used on input line 2366.
(pdftex.def)             Requested size: 264.00523pt x 168.98207pt.
 [115

 <./imagenes/desacop_realimentacion_fisicas_naturales.png>]
<imagenes/desacop_realimentacion_fisicas_naturales_bloque.png, id=941, 205.5178
pt x 207.02344pt>
File: imagenes/desacop_realimentacion_fisicas_naturales_bloque.png Graphic file
 (type png)
<use imagenes/desacop_realimentacion_fisicas_naturales_bloque.png>
Package pdftex.def Info: imagenes/desacop_realimentacion_fisicas_naturales_bloq
ue.png  used on input line 2373.
(pdftex.def)             Requested size: 167.76051pt x 168.98953pt.
 [116

 <./imagenes/desacop_realimentacion_fisicas_naturales_bloque.png>] [117

] [118

]
<imagenes/comp_torque_rs.png, id=964, 834.86906pt x 624.83438pt>
File: imagenes/comp_torque_rs.png Graphic file (type png)
<use imagenes/comp_torque_rs.png>
Package pdftex.def Info: imagenes/comp_torque_rs.png  used on input line 2413.
(pdftex.def)             Requested size: 225.7871pt x 168.98402pt.
 [119

 <./imagenes/comp_torque_rs.png>]
<imagenes/comp_velocidad_rs.png, id=973, 834.86906pt x 624.83438pt>
File: imagenes/comp_velocidad_rs.png Graphic file (type png)
<use imagenes/comp_velocidad_rs.png>
Package pdftex.def Info: imagenes/comp_velocidad_rs.png  used on input line 242
0.
(pdftex.def)             Requested size: 225.7871pt x 168.98402pt.
 [120

 <./imagenes/comp_velocidad_rs.png>] [121

] [122

] [123

]
<imagenes/mod_corriente.png, id=1004, 409.53pt x 341.77687pt>
File: imagenes/mod_corriente.png Graphic file (type png)
<use imagenes/mod_corriente.png>
Package pdftex.def Info: imagenes/mod_corriente.png  used on input line 2501.
(pdftex.def)             Requested size: 202.48988pt x 168.98972pt.
 [124

 <./imagenes/mod_corriente.png>]
<imagenes/mod_corriente_subsystem.png, id=1013, 196.48407pt x 306.39468pt>
File: imagenes/mod_corriente_subsystem.png Graphic file (type png)
<use imagenes/mod_corriente_subsystem.png>
Package pdftex.def Info: imagenes/mod_corriente_subsystem.png  used on input li
ne 2508.
(pdftex.def)             Requested size: 108.36638pt x 168.9851pt.
 [125

 <./imagenes/mod_corriente_subsystem.png>] [126

]
[127

]
<imagenes/mod_torque_diagram.png, id=1037, 1479.5275pt x 610.28pt>
File: imagenes/mod_torque_diagram.png Graphic file (type png)
<use imagenes/mod_torque_diagram.png>
Package pdftex.def Info: imagenes/mod_torque_diagram.png  used on input line 25
53.
(pdftex.def)             Requested size: 382.4105pt x 157.73784pt.
 [128

 <./imagenes/mod_torque_diagram.png>] [129

] [130

] [131

] [132

]
[133

] [134

] [135

]
<imagenes/mapa_polos_5_2_2.png, id=1097, 712.1004pt x 335.8146pt>
File: imagenes/mapa_polos_5_2_2.png Graphic file (type png)
<use imagenes/mapa_polos_5_2_2.png>
Package pdftex.def Info: imagenes/mapa_polos_5_2_2.png  used on input line 2718
.
(pdftex.def)             Requested size: 358.33113pt x 168.98294pt.
 [136

 <./imagenes/mapa_polos_5_2_2.png (PNG copy)>] [137

]
LaTeX Font Info:    Font shape `OT1/lmss/b/n' in size <9> not available
(Font)              Font shape `OT1/lmss/bx/n' tried instead on input line 2765
.
LaTeX Font Info:    Font shape `OT1/lmss/b/n' in size <5> not available
(Font)              Font shape `OT1/lmss/bx/n' tried instead on input line 2765
.
LaTeX Font Info:    Font shape `T1/lmss/b/it' in size <9> not available
(Font)              Font shape `T1/lmss/bx/it' tried instead on input line 2765
.
LaTeX Font Info:    Font shape `T1/lmss/bx/it' in size <9> not available
(Font)              Font shape `T1/lmss/bx/sl' tried instead on input line 2765
.
LaTeX Font Info:    Font shape `T1/lmss/b/it' in size <5> not available
(Font)              Font shape `T1/lmss/bx/it' tried instead on input line 2765
.
LaTeX Font Info:    Font shape `T1/lmss/bx/it' in size <5> not available
(Font)              Font shape `T1/lmss/bx/sl' tried instead on input line 2765
.
LaTeX Font Info:    Font shape `T1/lmss/b/n' in size <9> not available
(Font)              Font shape `T1/lmss/bx/n' tried instead on input line 2765.

LaTeX Font Info:    Font shape `T1/lmss/b/n' in size <5> not available
(Font)              Font shape `T1/lmss/bx/n' tried instead on input line 2765.


[138

]
<imagenes/migracion_polos_pid.png, id=1119, 486.618pt x 395.076pt>
File: imagenes/migracion_polos_pid.png Graphic file (type png)
<use imagenes/migracion_polos_pid.png>
Package pdftex.def Info: imagenes/migracion_polos_pid.png  used on input line 2
772.
(pdftex.def)             Requested size: 208.14273pt x 168.98717pt.
 [139

 <./imagenes/migracion_polos_pid.png (PNG copy)>] [140

] [141

]
[142

] [143

] [144

] [145

] [146

]
<imagenes/observador_diagram.png, id=1179, 994.71625pt x 526.96875pt>
File: imagenes/observador_diagram.png Graphic file (type png)
<use imagenes/observador_diagram.png>
Package pdftex.def Info: imagenes/observador_diagram.png  used on input line 29
37.
(pdftex.def)             Requested size: 318.98354pt x 168.98723pt.
 [147

 <./imagenes/observador_diagram.png>]
[148

]
<imagenes/pos-velocidad-simulacion_cont.png, id=1196, 1594.95876pt x 1020.81375
pt>
File: imagenes/pos-velocidad-simulacion_cont.png Graphic file (type png)
<use imagenes/pos-velocidad-simulacion_cont.png>
Package pdftex.def Info: imagenes/pos-velocidad-simulacion_cont.png  used on in
put line 2969.
(pdftex.def)             Requested size: 264.00864pt x 168.97217pt.
 [149

 <./imagenes/pos-velocidad-simulacion_cont.png>]
<imagenes/overshoot_transitorio_trap_pos.png, id=1205, 1594.95876pt x 962.59625
pt>
File: imagenes/overshoot_transitorio_trap_pos.png Graphic file (type png)
<use imagenes/overshoot_transitorio_trap_pos.png>
Package pdftex.def Info: imagenes/overshoot_transitorio_trap_pos.png  used on i
nput line 2976.
(pdftex.def)             Requested size: 279.97375pt x 168.97095pt.
 [150

 <./imagenes/overshoot_transitorio_trap_pos.png>]
<imagenes/torque_pos_relacion.png, id=1214, 1104.125pt x 1020.81375pt>
File: imagenes/torque_pos_relacion.png Graphic file (type png)
<use imagenes/torque_pos_relacion.png>
Package pdftex.def Info: imagenes/torque_pos_relacion.png  used on input line 2
983.
(pdftex.def)             Requested size: 182.76242pt x 168.97217pt.
 [151

 <./imagenes/torque_pos_relacion.png>]
<imagenes/picos_corriente_trapz_pos.png, id=1224, 1457.445pt x 1020.81375pt>
File: imagenes/picos_corriente_trapz_pos.png Graphic file (type png)
<use imagenes/picos_corriente_trapz_pos.png>
Package pdftex.def Info: imagenes/picos_corriente_trapz_pos.png  used on input 
line 2990.
(pdftex.def)             Requested size: 241.2464pt x 168.97217pt.

[152

 <./imagenes/picos_corriente_trapz_pos.png>] [153

]
<imagenes/perturb_y_posicion_plot.png, id=1240, 1457.445pt x 1020.81375pt>
File: imagenes/perturb_y_posicion_plot.png Graphic file (type png)
<use imagenes/perturb_y_posicion_plot.png>
Package pdftex.def Info: imagenes/perturb_y_posicion_plot.png  used on input li
ne 3017.
(pdftex.def)             Requested size: 241.2464pt x 168.97217pt.
 [154

 <./imagenes/perturb_y_posicion_plot.png>]
<imagenes/plot_perturb_error.png, id=1249, 1594.95876pt x 962.59625pt>
File: imagenes/plot_perturb_error.png Graphic file (type png)
<use imagenes/plot_perturb_error.png>
Package pdftex.def Info: imagenes/plot_perturb_error.png  used on input line 30
24.
(pdftex.def)             Requested size: 279.97375pt x 168.97095pt.
 [155

 <./imagenes/plot_perturb_error.png>] [156

] [157

]
<imagenes/corrientes_limitando_voltaje.png, id=1274, 1594.95876pt x 962.59625pt
>
File: imagenes/corrientes_limitando_voltaje.png Graphic file (type png)
<use imagenes/corrientes_limitando_voltaje.png>
Package pdftex.def Info: imagenes/corrientes_limitando_voltaje.png  used on inp
ut line 3075.
(pdftex.def)             Requested size: 279.97375pt x 168.97095pt.

[158

 <./imagenes/corrientes_limitando_voltaje.png>]
<imagenes/pos_voltaje_saturado.png, id=1283, 1594.95876pt x 962.59625pt>
File: imagenes/pos_voltaje_saturado.png Graphic file (type png)
<use imagenes/pos_voltaje_saturado.png>
Package pdftex.def Info: imagenes/pos_voltaje_saturado.png  used on input line 
3082.
(pdftex.def)             Requested size: 279.97375pt x 168.97095pt.
 [159

 <./imagenes/pos_voltaje_saturado.png>]
<imagenes/pos_voltaje_nosaturado.png, id=1292, 1594.95876pt x 962.59625pt>
File: imagenes/pos_voltaje_nosaturado.png Graphic file (type png)
<use imagenes/pos_voltaje_nosaturado.png>
Package pdftex.def Info: imagenes/pos_voltaje_nosaturado.png  used on input lin
e 3089.
(pdftex.def)             Requested size: 279.97375pt x 168.97095pt.
 [160

 <./imagenes/pos_voltaje_nosaturado.png>] [161

]
<imagenes/corrientes_comparacion.png, id=1308, 1457.445pt x 1020.81375pt>
File: imagenes/corrientes_comparacion.png Graphic file (type png)
<use imagenes/corrientes_comparacion.png>
Package pdftex.def Info: imagenes/corrientes_comparacion.png  used on input lin
e 3112.
(pdftex.def)             Requested size: 241.2464pt x 168.97217pt.
 [162

 <./imagenes/corrientes_comparacion.png>]
<imagenes/perfil_trap_vel_comp.png, id=1317, 1457.445pt x 1020.81375pt>
File: imagenes/perfil_trap_vel_comp.png Graphic file (type png)
<use imagenes/perfil_trap_vel_comp.png>
Package pdftex.def Info: imagenes/perfil_trap_vel_comp.png  used on input line 
3119.
(pdftex.def)             Requested size: 241.2464pt x 168.97217pt.
 [163

 <./imagenes/perfil_trap_vel_comp.png>] [164

]
<imagenes/perfil_trap_accel_comp.png, id=1334, 1457.445pt x 1020.81375pt>
File: imagenes/perfil_trap_accel_comp.png Graphic file (type png)
<use imagenes/perfil_trap_accel_comp.png>
Package pdftex.def Info: imagenes/perfil_trap_accel_comp.png  used on input lin
e 3147.
(pdftex.def)             Requested size: 241.2464pt x 168.97217pt.
 [165

 <./imagenes/perfil_trap_accel_comp.png>] [166

] [167

]
<imagenes/5_2_5_B_error_observador.png, id=1358, 834.86906pt x 581.92406pt>
File: imagenes/5_2_5_B_error_observador.png Graphic file (type png)
<use imagenes/5_2_5_B_error_observador.png>
Package pdftex.def Info: imagenes/5_2_5_B_error_observador.png  used on input l
ine 3215.
(pdftex.def)             Requested size: 242.43704pt x 168.98451pt.
 [168

 <./imagenes/5_2_5_B_error_observador.png>] [169

] [170

] [171

] [172

] [173

]
<imagenes/5_2_5_B_diagrama_bloques_observador.png, id=1403, 627.09282pt x 316.9
3407pt>
File: imagenes/5_2_5_B_diagrama_bloques_observador.png Graphic file (type png)
<use imagenes/5_2_5_B_diagrama_bloques_observador.png>
Package pdftex.def Info: imagenes/5_2_5_B_diagrama_bloques_observador.png  used
 on input line 3324.
(pdftex.def)             Requested size: 334.36703pt x 168.9898pt.
 [174

 <./imagenes/5_2_5_B_diagrama_bloques_observador.png>]
<imagenes/5_2_5_B_observador_sin_offset.png, id=1412, 834.86906pt x 581.92406pt
>
File: imagenes/5_2_5_B_observador_sin_offset.png Graphic file (type png)
<use imagenes/5_2_5_B_observador_sin_offset.png>
Package pdftex.def Info: imagenes/5_2_5_B_observador_sin_offset.png  used on in
put line 3331.
(pdftex.def)             Requested size: 242.43704pt x 168.98451pt.
 [175

 <./imagenes/5_2_5_B_observador_sin_offset.png>] [176

]
<imagenes/5_2_5_C_comportamiento_termico.png, id=1430, 834.86906pt x 624.83438p
t>
File: imagenes/5_2_5_C_comportamiento_termico.png Graphic file (type png)
<use imagenes/5_2_5_C_comportamiento_termico.png>
Package pdftex.def Info: imagenes/5_2_5_C_comportamiento_termico.png  used on i
nput line 3372.
(pdftex.def)             Requested size: 225.7871pt x 168.98402pt.
 [177

 <./imagenes/5_2_5_C_comportamiento_termico.png>]
[178

] [179

] [180

] [181

] [182

]
<imagenes/sensores_no_ideales_1.png, id=1476, 1457.445pt x 1020.81375pt>
File: imagenes/sensores_no_ideales_1.png Graphic file (type png)
<use imagenes/sensores_no_ideales_1.png>
Package pdftex.def Info: imagenes/sensores_no_ideales_1.png  used on input line
 3528.
(pdftex.def)             Requested size: 241.2464pt x 168.97217pt.
 [183

 <./imagenes/sensores_no_ideales_1.png>]
<imagenes/sensores_no_ideales_2.png, id=1485, 1457.445pt x 1020.81375pt>
File: imagenes/sensores_no_ideales_2.png Graphic file (type png)
<use imagenes/sensores_no_ideales_2.png>
Package pdftex.def Info: imagenes/sensores_no_ideales_2.png  used on input line
 3535.
(pdftex.def)             Requested size: 241.2464pt x 168.97217pt.

[184

 <./imagenes/sensores_no_ideales_2.png>] [185

] [186

]
<imagenes/inversor_no_ideal_6000.png, id=1509, 1457.445pt x 1020.81375pt>
File: imagenes/inversor_no_ideal_6000.png Graphic file (type png)
<use imagenes/inversor_no_ideal_6000.png>
Package pdftex.def Info: imagenes/inversor_no_ideal_6000.png  used on input lin
e 3592.
(pdftex.def)             Requested size: 241.2464pt x 168.97217pt.
 [187

 <./imagenes/inversor_no_ideal_6000.png>]
<imagenes/inversor_no_ideal_12000.png, id=1519, 1093.08376pt x 765.6103pt>
File: imagenes/inversor_no_ideal_12000.png Graphic file (type png)
<use imagenes/inversor_no_ideal_12000.png>
Package pdftex.def Info: imagenes/inversor_no_ideal_12000.png  used on input li
ne 3599.
(pdftex.def)             Requested size: 241.26308pt x 168.98384pt.
 [188

 <./imagenes/inversor_no_ideal_12000.png>] [189

]
[190

] [191

] [192

] [193

] [194

]
<imagenes/observador_discretizado.png, id=1572, 752.0597pt x 328.22626pt>
File: imagenes/observador_discretizado.png Graphic file (type png)
<use imagenes/observador_discretizado.png>
Package pdftex.def Info: imagenes/observador_discretizado.png  used on input li
ne 3731.
(pdftex.def)             Requested size: 382.42078pt x 166.90236pt.
 [195

 <./imagenes/observador_discretizado.png>]
<imagenes/controladorPID_discretizado.png, id=1581, 1099.85907pt x 402.75468pt>

File: imagenes/controladorPID_discretizado.png Graphic file (type png)
<use imagenes/controladorPID_discretizado.png>
Package pdftex.def Info: imagenes/controladorPID_discretizado.png  used on inpu
t line 3738.
(pdftex.def)             Requested size: 382.4055pt x 140.03212pt.

[196

 <./imagenes/controladorPID_discretizado.png>]
LaTeX Font Info:    Trying to load font information for T1+lmtt on input line 3
772.

(C:\Users\caste\AppData\Local\MiKTeX-AyME\install\tex/latex/lm\t1lmtt.fd
File: t1lmtt.fd 2015/05/01 v1.6.1 Font defs for Latin Modern
)
LaTeX Font Info:    Font shape `T1/lmtt/bx/n' in size <10> not available
(Font)              Font shape `T1/lmtt/b/n' tried instead on input line 3772.

[197

]
LaTeX Font Info:    Font shape `T1/lmtt/bx/n' in size <10.95> not available
(Font)              Font shape `T1/lmtt/b/n' tried instead on input line 3799.
LaTeX Font Info:    Font shape `T1/lmtt/bx/n' in size <12> not available
(Font)              Font shape `T1/lmtt/b/n' tried instead on input line 3799.
 [198

] [199

]
<imagenes/codificado_PIDpos.png, id=1615, 925.20656pt x 198.7425pt>
File: imagenes/codificado_PIDpos.png Graphic file (type png)
<use imagenes/codificado_PIDpos.png>
Package pdftex.def Info: imagenes/codificado_PIDpos.png  used on input line 383
2.
(pdftex.def)             Requested size: 382.40063pt x 82.143pt.
 [200

 <./imagenes/codificado_PIDpos.png>] [201

] [202

]
<imagenes/codificado_observador.png, id=1638, 756.57657pt x 194.22563pt>
File: imagenes/codificado_observador.png Graphic file (type png)
<use imagenes/codificado_observador.png>
Package pdftex.def Info: imagenes/codificado_observador.png  used on input line
 3895.
(pdftex.def)             Requested size: 382.4087pt x 98.17058pt.
 [203

 <./imagenes/codificado_observador.png>] [204

] [205

]
<imagenes/codificado_modTorque.png, id=1662, 624.83438pt x 423.83344pt>
File: imagenes/codificado_modTorque.png Graphic file (type png)
<use imagenes/codificado_modTorque.png>
Package pdftex.def Info: imagenes/codificado_modTorque.png  used on input line 
3966.
(pdftex.def)             Requested size: 249.11891pt x 168.98065pt.
 [206

 <./imagenes/codificado_modTorque.png>] [207

]
<imagenes/codificado_modCorr.png, id=1679, 528.47438pt x 444.91219pt>
File: imagenes/codificado_modCorr.png Graphic file (type png)
<use imagenes/codificado_modCorr.png>
Package pdftex.def Info: imagenes/codificado_modCorr.png  used on input line 39
96.
(pdftex.def)             Requested size: 200.72557pt x 168.98691pt.
 [208

 <./imagenes/codificado_modCorr.png>] [209

] [210

]
<imagenes/codificado_desacople.png, id=1702, 411.03563pt x 391.4625pt>
File: imagenes/codificado_desacople.png Graphic file (type png)
<use imagenes/codificado_desacople.png>
Package pdftex.def Info: imagenes/codificado_desacople.png  used on input line 
4070.
(pdftex.def)             Requested size: 177.43805pt x 168.98862pt.

[211

 <./imagenes/codificado_desacople.png>] [212

]
<imagenes/codificado_parkDir.png, id=1719, 639.89063pt x 488.57532pt>
File: imagenes/codificado_parkDir.png Graphic file (type png)
<use imagenes/codificado_parkDir.png>
Package pdftex.def Info: imagenes/codificado_parkDir.png  used on input line 41
13.
(pdftex.def)             Requested size: 221.31905pt x 168.9836pt.
 [213

 <./imagenes/codificado_parkDir.png>] [214

]
<imagenes/codificado_parkInv.png, id=1735, 592.46344pt x 424.58624pt>
File: imagenes/codificado_parkInv.png Graphic file (type png)
<use imagenes/codificado_parkInv.png>
Package pdftex.def Info: imagenes/codificado_parkInv.png  used on input line 41
51.
(pdftex.def)             Requested size: 235.7969pt x 168.98277pt.
 [215

 <./imagenes/codificado_parkInv.png>] [216

]
<imagenes/comp_codcont_pos.png, id=1751, 1196.21906pt x 721.94719pt>
File: imagenes/comp_codcont_pos.png Graphic file (type png)
<use imagenes/comp_codcont_pos.png>
Package pdftex.def Info: imagenes/comp_codcont_pos.png  used on input line 4180
.
(pdftex.def)             Requested size: 279.9981pt x 168.98563pt.
 [217

 <./imagenes/comp_codcont_pos.png>]
<imagenes/comp_codcont_vel.png, id=1761, 1196.21906pt x 721.94719pt>
File: imagenes/comp_codcont_vel.png Graphic file (type png)
<use imagenes/comp_codcont_vel.png>
Package pdftex.def Info: imagenes/comp_codcont_vel.png  used on input line 4187
.
(pdftex.def)             Requested size: 279.9981pt x 168.98563pt.
 [218

 <./imagenes/comp_codcont_vel.png>] [219

]
[220

] [221

]
LaTeX Font Info:    Font shape `OT1/lmss/b/n' in size <10> not available
(Font)              Font shape `OT1/lmss/bx/n' tried instead on input line 4250
.
LaTeX Font Info:    Font shape `OT1/lmss/b/n' in size <7> not available
(Font)              Font shape `OT1/lmss/bx/n' tried instead on input line 4250
.
LaTeX Font Info:    Font shape `T1/lmss/b/it' in size <10> not available
(Font)              Font shape `T1/lmss/bx/it' tried instead on input line 4250
.
LaTeX Font Info:    Font shape `T1/lmss/bx/it' in size <10> not available
(Font)              Font shape `T1/lmss/bx/sl' tried instead on input line 4250
.
LaTeX Font Info:    Font shape `T1/lmss/b/it' in size <7> not available
(Font)              Font shape `T1/lmss/bx/it' tried instead on input line 4250
.
LaTeX Font Info:    Font shape `T1/lmss/bx/it' in size <7> not available
(Font)              Font shape `T1/lmss/bx/sl' tried instead on input line 4250
.
LaTeX Font Info:    Font shape `T1/lmss/b/n' in size <10> not available
(Font)              Font shape `T1/lmss/bx/n' tried instead on input line 4250.

LaTeX Font Info:    Font shape `T1/lmss/b/n' in size <7> not available
(Font)              Font shape `T1/lmss/bx/n' tried instead on input line 4250.

 [222

] [223

] [224

] [225

] [226

]
\tf@nav=\write6
\openout6 = `main_presentacion.nav'.

\tf@toc=\write7
\openout7 = `main_presentacion.toc'.

\tf@snm=\write8
\openout8 = `main_presentacion.snm'.

 (main_presentacion.aux
LaTeX Info: Redefining \. on input line 11.
LaTeX Info: Redefining \% on input line 11.
)
 ***********
LaTeX2e <2025-11-01>
L3 programming layer <2026-04-28>
 ***********


Package rerunfilecheck Warning: File `main_presentacion.out' has changed.
(rerunfilecheck)                Rerun to get outlines right
(rerunfilecheck)                or use package `bookmark'.

Package rerunfilecheck Info: Checksums for `main_presentacion.out':
(rerunfilecheck)             Before: 14747780D19A68B5D66481942DC02698;1238
(rerunfilecheck)             After:  DE51D3164EC8FAC3ADD0D04431261371;5298.
 ) 
Here is how much of TeX's memory you used:
 26121 strings out of 469600
 502543 string characters out of 5465080
 897004 words of memory out of 5000000
 53902 multiletter control sequences out of 15000+600000
 903184 words of font info for 208 fonts, out of 8000000 for 9000
 14 hyphenation exceptions out of 8191
 128i,19n,123p,494b,608s stack positions out of 10000i,1000n,20000p,200000b,200000s
<C:/Users/caste/AppData/Local/MiKTeX-AyME/install/fonts/type1/public/lm/lmb10
.pfb><C:/Users/caste/AppData/Local/MiKTeX-AyME/install/fonts/type1/public/lm/lm
ex10.pfb><C:/Users/caste/AppData/Local/MiKTeX-AyME/install/fonts/type1/public/l
m/lmmi10.pfb><C:/Users/caste/AppData/Local/MiKTeX-AyME/install/fonts/type1/publ
ic/lm/lmmi12.pfb><C:/Users/caste/AppData/Local/MiKTeX-AyME/install/fonts/type1/
public/lm/lmmi6.pfb><C:/Users/caste/AppData/Local/MiKTeX-AyME/install/fonts/typ
e1/public/lm/lmmi7.pfb><C:/Users/caste/AppData/Local/MiKTeX-AyME/install/fonts/
type1/public/lm/lmmi8.pfb><C:/Users/caste/AppData/Local/MiKTeX-AyME/install/fon
ts/type1/public/lm/lmmi9.pfb><C:/Users/caste/AppData/Local/MiKTeX-AyME/install/
fonts/type1/public/lm/lmmib10.pfb><C:/Users/caste/AppData/Local/MiKTeX-AyME/ins
tall/fonts/type1/public/lm/lmr10.pfb><C:/Users/caste/AppData/Local/MiKTeX-AyME/
install/fonts/type1/public/lm/lmss10.pfb><C:/Users/caste/AppData/Local/MiKTeX-A
yME/install/fonts/type1/public/lm/lmss12.pfb><C:/Users/caste/AppData/Local/MiKT
eX-AyME/install/fonts/type1/public/lm/lmss17.pfb><C:/Users/caste/AppData/Local/
MiKTeX-AyME/install/fonts/type1/public/lm/lmss8.pfb><C:/Users/caste/AppData/Loc
al/MiKTeX-AyME/install/fonts/type1/public/lm/lmss9.pfb><C:/Users/caste/AppData/
Local/MiKTeX-AyME/install/fonts/type1/public/lm/lmssbo10.pfb><C:/Users/caste/Ap
pData/Local/MiKTeX-AyME/install/fonts/type1/public/lm/lmssbx10.pfb><C:/Users/ca
ste/AppData/Local/MiKTeX-AyME/install/fonts/type1/public/lm/lmsso10.pfb><C:/Use
rs/caste/AppData/Local/MiKTeX-AyME/install/fonts/type1/public/lm/lmsso12.pfb><C
:/Users/caste/AppData/Local/MiKTeX-AyME/install/fonts/type1/public/lm/lmsso17.p
fb><C:/Users/caste/AppData/Local/MiKTeX-AyME/install/fonts/type1/public/lm/lmss
o8.pfb><C:/Users/caste/AppData/Local/MiKTeX-AyME/install/fonts/type1/public/lm/
lmsso9.pfb><C:/Users/caste/AppData/Local/MiKTeX-AyME/install/fonts/type1/public
/lm/lmsy10.pfb><C:/Users/caste/AppData/Local/MiKTeX-AyME/install/fonts/type1/pu
blic/lm/lmsy5.pfb><C:/Users/caste/AppData/Local/MiKTeX-AyME/install/fonts/type1
/public/lm/lmsy6.pfb><C:/Users/caste/AppData/Local/MiKTeX-AyME/install/fonts/ty
pe1/public/lm/lmsy7.pfb><C:/Users/caste/AppData/Local/MiKTeX-AyME/install/fonts
/type1/public/lm/lmsy8.pfb><C:/Users/caste/AppData/Local/MiKTeX-AyME/install/fo
nts/type1/public/lm/lmsy9.pfb><C:/Users/caste/AppData/Local/MiKTeX-AyME/install
/fonts/type1/public/lm/lmtk10.pfb><C:/Users/caste/AppData/Local/MiKTeX-AyME/ins
tall/fonts/type1/public/lm/lmtt10.pfb><C:/Users/caste/AppData/Local/MiKTeX-AyME
/install/fonts/type1/public/lm/lmtt8.pfb>
Output written on main_presentacion.pdf (226 pages, 7544277 bytes).
PDF statistics:
 2078 PDF objects out of 2487 (max. 8388607)
 476 named destinations out of 1000 (max. 500000)
 453 words of extra memory for PDF output out of 10000 (max. 10000000)

